Archive member included to satisfy reference by file (symbol)

../drivers\libIotLibrary.a(hih8120.o)
                              TempAndHum.o (hih8120_initialise)
../drivers\libIotLibrary.a(lora_driver.o)
                              LoRaWANHandler.o (lora_driver_flushBuffers)
../drivers\libIotLibrary.a(lora_driver_utils.o)
                              ../drivers\libIotLibrary.a(lora_driver.o) (decode_port_no)
../drivers\libIotLibrary.a(mh_z19.o)
                              CO2.o (mh_z19_initialise)
../drivers\libIotLibrary.a(serial.o)
                              ../drivers\libIotLibrary.a(lora_driver.o) (serial_create)
../drivers\libIotLibrary.a(stdio_driver.o)
                              main.o (stdio_initialise)
../drivers\libIotLibrary.a(status_leds.o)
                              LoRaWANHandler.o (status_leds_slowBlink)
../drivers\libIotLibrary.a(twi.o)
                              ../drivers\libIotLibrary.a(hih8120.o) (twiCreate)
../drivers\libIotLibrary.a(fifo.o)
                              ../drivers\libIotLibrary.a(serial.o) (fifo_init)
c:/program files (x86)/atmel/studio/7.0/toolchain/avr8/avr8-gnu-toolchain/bin/../lib/gcc/avr/5.4.0/../../../../avr/lib/avr6\libm.a(addsf3.o)
                              ../drivers\libIotLibrary.a(hih8120.o) (__subsf3)
c:/program files (x86)/atmel/studio/7.0/toolchain/avr8/avr8-gnu-toolchain/bin/../lib/gcc/avr/5.4.0/../../../../avr/lib/avr6\libm.a(addsf3x.o)
                              c:/program files (x86)/atmel/studio/7.0/toolchain/avr8/avr8-gnu-toolchain/bin/../lib/gcc/avr/5.4.0/../../../../avr/lib/avr6\libm.a(addsf3.o) (__addsf3x)
c:/program files (x86)/atmel/studio/7.0/toolchain/avr8/avr8-gnu-toolchain/bin/../lib/gcc/avr/5.4.0/../../../../avr/lib/avr6\libm.a(divsf3.o)
                              ../drivers\libIotLibrary.a(hih8120.o) (__divsf3)
c:/program files (x86)/atmel/studio/7.0/toolchain/avr8/avr8-gnu-toolchain/bin/../lib/gcc/avr/5.4.0/../../../../avr/lib/avr6\libm.a(divsf3x.o)
                              c:/program files (x86)/atmel/studio/7.0/toolchain/avr8/avr8-gnu-toolchain/bin/../lib/gcc/avr/5.4.0/../../../../avr/lib/avr6\libm.a(divsf3.o) (__divsf3x)
c:/program files (x86)/atmel/studio/7.0/toolchain/avr8/avr8-gnu-toolchain/bin/../lib/gcc/avr/5.4.0/../../../../avr/lib/avr6\libm.a(fixsfsi.o)
                              ../drivers\libIotLibrary.a(hih8120.o) (__fixsfsi)
c:/program files (x86)/atmel/studio/7.0/toolchain/avr8/avr8-gnu-toolchain/bin/../lib/gcc/avr/5.4.0/../../../../avr/lib/avr6\libm.a(fixunssfsi.o)
                              ../drivers\libIotLibrary.a(hih8120.o) (__fixunssfsi)
c:/program files (x86)/atmel/studio/7.0/toolchain/avr8/avr8-gnu-toolchain/bin/../lib/gcc/avr/5.4.0/../../../../avr/lib/avr6\libm.a(floatsisf.o)
                              ../drivers\libIotLibrary.a(hih8120.o) (__floatunsisf)
c:/program files (x86)/atmel/studio/7.0/toolchain/avr8/avr8-gnu-toolchain/bin/../lib/gcc/avr/5.4.0/../../../../avr/lib/avr6\libm.a(fp_inf.o)
                              c:/program files (x86)/atmel/studio/7.0/toolchain/avr8/avr8-gnu-toolchain/bin/../lib/gcc/avr/5.4.0/../../../../avr/lib/avr6\libm.a(addsf3x.o) (__fp_inf)
c:/program files (x86)/atmel/studio/7.0/toolchain/avr8/avr8-gnu-toolchain/bin/../lib/gcc/avr/5.4.0/../../../../avr/lib/avr6\libm.a(fp_nan.o)
                              c:/program files (x86)/atmel/studio/7.0/toolchain/avr8/avr8-gnu-toolchain/bin/../lib/gcc/avr/5.4.0/../../../../avr/lib/avr6\libm.a(addsf3x.o) (__fp_nan)
c:/program files (x86)/atmel/studio/7.0/toolchain/avr8/avr8-gnu-toolchain/bin/../lib/gcc/avr/5.4.0/../../../../avr/lib/avr6\libm.a(fp_pscA.o)
                              c:/program files (x86)/atmel/studio/7.0/toolchain/avr8/avr8-gnu-toolchain/bin/../lib/gcc/avr/5.4.0/../../../../avr/lib/avr6\libm.a(addsf3x.o) (__fp_pscA)
c:/program files (x86)/atmel/studio/7.0/toolchain/avr8/avr8-gnu-toolchain/bin/../lib/gcc/avr/5.4.0/../../../../avr/lib/avr6\libm.a(fp_pscB.o)
                              c:/program files (x86)/atmel/studio/7.0/toolchain/avr8/avr8-gnu-toolchain/bin/../lib/gcc/avr/5.4.0/../../../../avr/lib/avr6\libm.a(addsf3x.o) (__fp_pscB)
c:/program files (x86)/atmel/studio/7.0/toolchain/avr8/avr8-gnu-toolchain/bin/../lib/gcc/avr/5.4.0/../../../../avr/lib/avr6\libm.a(fp_round.o)
                              c:/program files (x86)/atmel/studio/7.0/toolchain/avr8/avr8-gnu-toolchain/bin/../lib/gcc/avr/5.4.0/../../../../avr/lib/avr6\libm.a(addsf3.o) (__fp_round)
c:/program files (x86)/atmel/studio/7.0/toolchain/avr8/avr8-gnu-toolchain/bin/../lib/gcc/avr/5.4.0/../../../../avr/lib/avr6\libm.a(fp_split3.o)
                              c:/program files (x86)/atmel/studio/7.0/toolchain/avr8/avr8-gnu-toolchain/bin/../lib/gcc/avr/5.4.0/../../../../avr/lib/avr6\libm.a(addsf3x.o) (__fp_split3)
c:/program files (x86)/atmel/studio/7.0/toolchain/avr8/avr8-gnu-toolchain/bin/../lib/gcc/avr/5.4.0/../../../../avr/lib/avr6\libm.a(fp_zero.o)
[...]
Memory Configuration

Name             Origin             Length             Attributes
text             0x00000000         0x00040000         xr
data             0x00800200         0x00002000         rw !x
eeprom           0x00810000         0x00001000         rw !x
fuse             0x00820000         0x00000003         rw !x
lock             0x00830000         0x00000400         rw !x
signature        0x00840000         0x00000400         rw !x
user_signatures  0x00850000         0x00000400         rw !x
*default*        0x00000000         0xffffffff

Linker script and memory map

Address of section .data set to 0x800200
LOAD C:/Program Files (x86)/Atmel/Studio/7.0/Packs/atmel/ATmega_DFP/1.6.364/gcc/dev/atmega2560/avr6/crtatmega2560.o
LOAD application.o
LOAD CO2.o
LOAD FreeRTOS/FreeRTOSTraceDriver/FreeRTOSTraceDriver.o
LOAD FreeRTOS/src/croutine.o
LOAD FreeRTOS/src/event_groups.o
LOAD FreeRTOS/src/heap_4.o
LOAD FreeRTOS/src/list.o
LOAD FreeRTOS/src/port.o
LOAD FreeRTOS/src/queue.o
LOAD FreeRTOS/src/stream_buffer.o
LOAD FreeRTOS/src/tasks.o
LOAD FreeRTOS/src/timers.o
LOAD FreeRTOS/src/variantHooks.o
LOAD LoRaWANDownlinkHandler.o
LOAD LoRaWANUplinkHandler.o
LOAD sensorDataPackageHandler.o
LOAD Setup.o
LOAD TempAndHum.o
LOAD LoRaWANHandler.o
LOAD main.o
START GROUP
LOAD c:/program files (x86)/atmel/studio/7.0/toolchain/avr8/avr8-gnu-toolchain/bin/../lib/gcc/avr/5.4.0/../../../../avr/lib/avr6\libm.a
LOAD ../drivers\libIotLibrary.a
END GROUP
START GROUP
LOAD c:/program files (x86)/atmel/studio/7.0/toolchain/avr8/avr8-gnu-toolchain/bin/../lib/gcc/avr/5.4.0/avr6\libgcc.a
LOAD c:/program files (x86)/atmel/studio/7.0/toolchain/avr8/avr8-gnu-toolchain/bin/../lib/gcc/avr/5.4.0/../../../../avr/lib/avr6\libm.a
LOAD c:/program files (x86)/atmel/studio/7.0/toolchain/avr8/avr8-gnu-toolchain/bin/../lib/gcc/avr/5.4.0/../../../../avr/lib/avr6\libc.a
LOAD C:/Program Files (x86)/Atmel/Studio/7.0/Packs/atmel/ATmega_DFP/1.6.364/gcc/dev/atmega2560/avr6\libatmega2560.a
END GROUP
                0x00000000                __TEXT_REGION_ORIGIN__ = DEFINED (__TEXT_REGION_ORIGIN__)?__TEXT_REGION_ORIGIN__:0x0
                [0x00800200]                __DATA_REGION_ORIGIN__ = DEFINED (__DATA_REGION_ORIGIN__)?__DATA_REGION_ORIGIN__:0x800200
                [0x00040000]                __TEXT_REGION_LENGTH__ = DEFINED (__TEXT_REGION_LENGTH__)?__TEXT_REGION_LENGTH__:0x100000
                [0x00002000]                __DATA_REGION_LENGTH__ = DEFINED (__DATA_REGION_LENGTH__)?__DATA_REGION_LENGTH__:0xfe00
                [0x00001000]                __EEPROM_REGION_LENGTH__ = DEFINED (__EEPROM_REGION_LENGTH__)?__EEPROM_REGION_LENGTH__:0x10000
                [0x00000003]                __FUSE_REGION_LENGTH__ = DEFINED (__FUSE_REGION_LENGTH__)?__FUSE_REGION_LENGTH__:0x400
                0x00000400                __LOCK_REGION_LENGTH__ = DEFINED (__LOCK_REGION_LENGTH__)?__LOCK_REGION_LENGTH__:0x400
                0x00000400                __SIGNATURE_REGION_LENGTH__ = DEFINED (__SIGNATURE_REGION_LENGTH__)?__SIGNATURE_REGION_LENGTH__:0x400
                0x00000400                __USER_SIGNATURE_REGION_LENGTH__ = DEFINED (__USER_SIGNATURE_REGION_LENGTH__)?__USER_SIGNATURE_REGION_LENGTH__:0x400

.hash
 *(.hash)

.dynsym
 *(.dynsym)

.dynstr
 *(.dynstr)

.gnu.version
 *(.gnu.version)

.gnu.version_d
 *(.gnu.version_d)

.gnu.version_r
 *(.gnu.version_r)

.rel.init
 *(.rel.init)

.rela.init
 *(.rela.init)

.rel.text
 *(.rel.text)
 *(.rel.text.*)
 *(.rel.gnu.linkonce.t*)

.rela.text
 *(.rela.text)
 *(.rela.text.*)
 *(.rela.gnu.linkonce.t*)

.rel.fini
 *(.rel.fini)

.rela.fini
 *(.rela.fini)

.rel.rodata
 *(.rel.rodata)
 *(.rel.rodata.*)
 *(.rel.gnu.linkonce.r*)

.rela.rodata
 *(.rela.rodata)
 *(.rela.rodata.*)
 *(.rela.gnu.linkonce.r*)

.rel.data
 *(.rel.data)
 *(.rel.data.*)
 *(.rel.gnu.linkonce.d*)

.rela.data
 *(.rela.data)
 *(.rela.data.*)
 *(.rela.gnu.linkonce.d*)

.rel.ctors
 *(.rel.ctors)

.rela.ctors
 *(.rela.ctors)

.rel.dtors
 *(.rel.dtors)

.rela.dtors
 *(.rela.dtors)

.rel.got
 *(.rel.got)

.rela.got
 *(.rela.got)

.rel.bss
 *(.rel.bss)

.rela.bss
 *(.rela.bss)

.rel.plt
 *(.rel.plt)

.rela.plt
 *(.rela.plt)

.text           0x00000000     0x3d2a
 *(.vectors)
 .vectors       0x00000000       0xe4 C:/Program Files (x86)/Atmel/Studio/7.0/Packs/atmel/ATmega_DFP/1.6.364/gcc/dev/atmega2560/avr6/crtatmega2560.o
                0x00000000                __vector_default
                0x00000000                __vectors
 *(.vectors)
 *(.progmem.gcc*)
 .progmem.gcc_sw_table.__vector_39
                0x000000e4       0xa2 ../drivers\libIotLibrary.a(twi.o)
                0x00000186                . = ALIGN (0x2)
                0x00000186                __trampolines_start = .
 *(.trampolines)
 .trampolines   0x00000186        0x0 linker stubs
 *(.trampolines*)
                0x00000186                __trampolines_end = .
 *libprintf_flt.a:*(.progmem.data)
 *libc.a:*(.progmem.data)
 *(.progmem*)
                0x00000186                . = ALIGN (0x2)
 *(.jumptables)
 *(.jumptables*)
 *(.lowtext)
 *(.lowtext*)
                0x00000186                __ctors_start = .
 *(.ctors)
                0x00000186                __ctors_end = .
                0x00000186                __dtors_start = .
 *(.dtors)
                0x00000186                __dtors_end = .
 SORT(*)(.ctors)
 SORT(*)(.dtors)
 *(.init0)
 .init0         0x00000186        0x0 C:/Program Files (x86)/Atmel/Studio/7.0/Packs/atmel/ATmega_DFP/1.6.364/gcc/dev/atmega2560/avr6/crtatmega2560.o
                0x00000186                __init
 *(.init0)
 *(.init1)
 *(.init1)
 *(.init2)
 .init2         0x00000186       0x10 C:/Program Files (x86)/Atmel/Studio/7.0/Packs/atmel/ATmega_DFP/1.6.364/gcc/dev/atmega2560/avr6/crtatmega2560.o
 *(.init2)
 *(.init3)
 *(.init3)
 *(.init4)
 .init4         0x00000196       0x1a c:/program files (x86)/atmel/studio/7.0/toolchain/avr8/avr8-gnu-toolchain/bin/../lib/gcc/avr/5.4.0/avr6\libgcc.a(_copy_data.o)
                0x00000196                __do_copy_data
 .init4         0x000001b0       0x10 c:/program files (x86)/atmel/studio/7.0/toolchain/avr8/avr8-gnu-toolchain/bin/../lib/gcc/avr/5.4.0/avr6\libgcc.a(_clear_bss.o)
                0x000001b0                __do_clear_bss
 *(.init4)
 *(.init5)
 *(.init5)
 *(.init6)
 *(.init6)
 *(.init7)
 *(.init7)
 *(.init8)
 *(.init8)
 *(.init9)
 .init9         0x000001c0        0x8 C:/Program Files (x86)/Atmel/Studio/7.0/Packs/atmel/ATmega_DFP/1.6.364/gcc/dev/atmega2560/avr6/crtatmega2560.o
 *(.init9)
 *(.text)
 .text          0x000001c8        0x2 C:/Program Files (x86)/Atmel/Studio/7.0/Packs/atmel/ATmega_DFP/1.6.364/gcc/dev/atmega2560/avr6/crtatmega2560.o
                0x000001c8                __vector_38
                0x000001c8                __vector_22
                0x000001c8                __vector_28
                0x000001c8                __vector_1
                0x000001c8                __vector_32
                0x000001c8                __vector_34
                0x000001c8                __vector_24
                0x000001c8                __vector_46
                0x000001c8                __bad_interrupt
                0x000001c8                __vector_6
                0x000001c8                __vector_31
                0x000001c8                __vector_35
                0x000001c8                __vector_3
                0x000001c8                __vector_23
                0x000001c8                __vector_30
                0x000001c8                __vector_45
                0x000001c8                __vector_11
                0x000001c8                __vector_13
                0x000001c8                __vector_17
                0x000001c8                __vector_19
                0x000001c8                __vector_56
                0x000001c8                __vector_7
                0x000001c8                __vector_49
                0x000001c8                __vector_41
                0x000001c8                __vector_43
                0x000001c8                __vector_27
                0x000001c8                __vector_5
                0x000001c8                __vector_33
                0x000001c8                __vector_47
                0x000001c8                __vector_4
                0x000001c8                __vector_44
                0x000001c8                __vector_9
                0x000001c8                __vector_2
                0x000001c8                __vector_21
                0x000001c8                __vector_15
                0x000001c8                __vector_29
                0x000001c8                __vector_40
                0x000001c8                __vector_8
                0x000001c8                __vector_48
                0x000001c8                __vector_14
                0x000001c8                __vector_53
                0x000001c8                __vector_10
                0x000001c8                __vector_50
                0x000001c8                __vector_16
                0x000001c8                __vector_18
                0x000001c8                __vector_20
                0x000001c8                __vector_42
                0x000001ca                . = ALIGN (0x2)
 *(.text.*)
 .text.myCo2CallBack
                0x000001ca       0x9c CO2.o
                0x000001ca                myCo2CallBack
 .text.initializeCO2Driver
                0x00000266       0x10 CO2.o
                0x00000266                initializeCO2Driver
 .text.measureCO2
                0x00000276       0x16 CO2.o
                0x00000276                measureCO2
 .text.CO2Task  0x0000028c       0x10 CO2.o
                0x0000028c                CO2Task
 .text.createCO2Task
                0x0000029c       0x28 CO2.o
                0x0000029c                createCO2Task
 .text.prvTestWaitCondition
                0x000002c4       0x42 FreeRTOS/src/event_groups.o
 .text.xEventGroupCreate
                0x00000306       0x26 FreeRTOS/src/event_groups.o
                0x00000306                xEventGroupCreate
 .text.xEventGroupWaitBits
                0x0000032c      0x140 FreeRTOS/src/event_groups.o
                0x0000032c                xEventGroupWaitBits
 .text.xEventGroupSetBits
                0x0000046c      0x11a FreeRTOS/src/event_groups.o
                0x0000046c                xEventGroupSetBits
 .text.prvHeapInit
                0x00000586       0x52 FreeRTOS/src/heap_4.o
 .text.prvInsertBlockIntoFreeList
                0x000005d8       0x94 FreeRTOS/src/heap_4.o
 .text.pvPortMalloc
                0x0000066c      0x14e FreeRTOS/src/heap_4.o
                0x0000066c                pvPortMalloc
 .text.vPortFree
                0x000007ba       0x76 FreeRTOS/src/heap_4.o
                0x000007ba                vPortFree
 .text.vListInitialise
                0x00000830       0x22 FreeRTOS/src/list.o
                0x00000830                vListInitialise
 .text.vListInitialiseItem
                0x00000852        0x8 FreeRTOS/src/list.o
                0x00000852                vListInitialiseItem
 .text.vListInsert
                0x0000085a       0x7a FreeRTOS/src/list.o
                0x0000085a                vListInsert
 .text.uxListRemove
                0x000008d4       0x4e FreeRTOS/src/list.o
                0x000008d4                uxListRemove
 .text.pxPortInitialiseStack
                0x00000922       0x2e FreeRTOS/src/port.o
                0x00000922                pxPortInitialiseStack
 .text.vPortYield
                0x00000950       0xc0 FreeRTOS/src/port.o
                0x00000950                vPortYield
 .text.vPortYieldFromTick
                0x00000a10       0xc6 FreeRTOS/src/port.o
                0x00000a10                vPortYieldFromTick
 .text.__vector_12
                0x00000ad6        0x4 FreeRTOS/src/port.o
                0x00000ad6                __vector_12
 .text.prvGetDisinheritPriorityAfterTimeout
                0x00000ada       0x20 FreeRTOS/src/queue.o
 .text.prvIsQueueEmpty
                0x00000afa       0x1a FreeRTOS/src/queue.o
 .text.prvIsQueueFull
                0x00000b14       0x1c FreeRTOS/src/queue.o
 .text.prvCopyDataToQueue
                0x00000b30       0xbe FreeRTOS/src/queue.o
 .text.prvUnlockQueue
                0x00000bee       0x64 FreeRTOS/src/queue.o
 .text.xQueueGenericReset
                0x00000c52       0x84 FreeRTOS/src/queue.o
                0x00000c52                xQueueGenericReset
 .text.prvInitialiseNewQueue
                0x00000cd6       0x24 FreeRTOS/src/queue.o
 .text.xQueueGenericCreate
                0x00000cfa       0x46 FreeRTOS/src/queue.o
                0x00000cfa                xQueueGenericCreate
 .text.xQueueGenericSend
                0x00000d40      0x116 FreeRTOS/src/queue.o
                0x00000d40                xQueueGenericSend
 .text.xQueueSemaphoreTake
                0x00000e56      0x156 FreeRTOS/src/queue.o
                0x00000e56                xQueueSemaphoreTake
 .text.prvResetNextTaskUnblockTime
                0x00000fac       0x4e FreeRTOS/src/tasks.o
 .text.prvInitialiseNewTask
                0x00000ffa       0xf6 FreeRTOS/src/tasks.o
 .text.prvInitialiseTaskLists
                0x000010f0       0x54 FreeRTOS/src/tasks.o
 .text.prvAddNewTaskToReadyList
                0x00001144       0xdc FreeRTOS/src/tasks.o
 .text.prvAddCurrentTaskToDelayedList
                0x00001220      0x13e FreeRTOS/src/tasks.o
 .text.xTaskCreate
                0x0000135e       0x92 FreeRTOS/src/tasks.o
                0x0000135e                xTaskCreate
 .text.vTaskSuspendAll
                0x000013f0        0xc FreeRTOS/src/tasks.o
                0x000013f0                vTaskSuspendAll
 .text.xTaskIncrementTick
                0x000013fc      0x258 FreeRTOS/src/tasks.o
                0x000013fc                xTaskIncrementTick
 .text.xTaskResumeAll
                0x00001654      0x1b6 FreeRTOS/src/tasks.o
                0x00001654                xTaskResumeAll
 .text.vTaskDelay
                0x0000180a       0x34 FreeRTOS/src/tasks.o
                0x0000180a                vTaskDelay
 .text.vTaskSwitchContext
                0x0000183e       0xc8 FreeRTOS/src/tasks.o
                0x0000183e                vTaskSwitchContext
 .text.vTaskPlaceOnEventList
                0x00001906       0x2e FreeRTOS/src/tasks.o
                0x00001906                vTaskPlaceOnEventList
 .text.vTaskPlaceOnUnorderedEventList
                0x00001934       0x94 FreeRTOS/src/tasks.o
                0x00001934                vTaskPlaceOnUnorderedEventList
 .text.xTaskRemoveFromEventList
                0x000019c8      0x15e FreeRTOS/src/tasks.o
                0x000019c8                xTaskRemoveFromEventList
 .text.vTaskRemoveFromUnorderedEventList
                0x00001b26      0x134 FreeRTOS/src/tasks.o
                0x00001b26                vTaskRemoveFromUnorderedEventList
 .text.vTaskInternalSetTimeOutState
                0x00001c5a       0x22 FreeRTOS/src/tasks.o
                0x00001c5a                vTaskInternalSetTimeOutState
 .text.xTaskCheckForTimeOut
                0x00001c7c       0xcc FreeRTOS/src/tasks.o
                0x00001c7c                xTaskCheckForTimeOut
 .text.vTaskMissedYield
                0x00001d48        0x8 FreeRTOS/src/tasks.o
                0x00001d48                vTaskMissedYield
 .text.xTaskPriorityInherit
                0x00001d50      0x10e FreeRTOS/src/tasks.o
                0x00001d50                xTaskPriorityInherit
 .text.xTaskPriorityDisinherit
                0x00001e5e       0xb6 FreeRTOS/src/tasks.o
                0x00001e5e                xTaskPriorityDisinherit
 .text.vTaskPriorityDisinheritAfterTimeout
                0x00001f14       0xce FreeRTOS/src/tasks.o
                0x00001f14                vTaskPriorityDisinheritAfterTimeout
 .text.uxTaskResetEventItemValue
                0x00001fe2       0x54 FreeRTOS/src/tasks.o
                0x00001fe2                uxTaskResetEventItemValue
 .text.pvTaskIncrementMutexHeldCount
                0x00002036       0x24 FreeRTOS/src/tasks.o
                0x00002036                pvTaskIncrementMutexHeldCount
 .text.prvSetMainLedOn
                0x0000205a        0xe FreeRTOS/src/variantHooks.o
                0x0000205a                prvSetMainLedOn
 .text.prvBlinkMainLed
                0x00002068        0x8 FreeRTOS/src/variantHooks.o
                0x00002068                prvBlinkMainLed
 .text.vApplicationMallocFailedHook
                0x00002070       0x18 FreeRTOS/src/variantHooks.o
                0x00002070                vApplicationMallocFailedHook
 .text.vApplicationStackOverflowHook
                0x00002088       0x18 FreeRTOS/src/variantHooks.o
                0x00002088                vApplicationStackOverflowHook
 .text.initializeTempAndHumiditySemaphore
                0x000020a0       0x14 Setup.o
                0x000020a0                initializeTempAndHumiditySemaphore
 .text.initializeQueue
                0x000020b4       0x14 Setup.o
                0x000020b4                initializeQueue
 .text.initializeEventGroup
                0x000020c8        0xe Setup.o
                0x000020c8                initializeEventGroup
 .text.initializeTempAndHumDriver
                0x000020d6       0x1a TempAndHum.o
                0x000020d6                initializeTempAndHumDriver
 .text.measureTempAndHum
                0x000020f0       0x32 TempAndHum.o
                0x000020f0                measureTempAndHum
 .text.TempAndHumTask
                0x00002122       0xc8 TempAndHum.o
                0x00002122                TempAndHumTask
 .text.createTempAndHumTask
                0x000021ea       0x26 TempAndHum.o
                0x000021ea                createTempAndHumTask
 .text.initializeDrivers
                0x00002210        0x8 main.o
                0x00002210                initializeDrivers
 .text.ApplicationTask
                0x00002218       0x6c main.o
                0x00002218                ApplicationTask
 .text.create_tasks_and_semaphores
                0x00002284        0xe main.o
                0x00002284                create_tasks_and_semaphores
 .text.initialiseSystem
                0x00002292        0x8 main.o
                0x00002292                initialiseSystem
 .text.main     0x0000229a        0x2 main.o
                0x0000229a                main
 .text._hihTwiCallback
                0x0000229c       0x5a ../drivers\libIotLibrary.a(hih8120.o)
 .text.hih8120_initialise
                0x000022f6       0x2e ../drivers\libIotLibrary.a(hih8120.o)
                0x000022f6                hih8120_initialise
 .text.hih8120_wakeup
                0x00002324       0x28 ../drivers\libIotLibrary.a(hih8120.o)
                0x00002324                hih8120_wakeup
 .text.hih8120_measure
                0x0000234c       0x20 ../drivers\libIotLibrary.a(hih8120.o)
                0x0000234c                hih8120_measure
 .text.hih8120_getHumidity
                0x0000236c       0x26 ../drivers\libIotLibrary.a(hih8120.o)
                0x0000236c                hih8120_getHumidity
 .text.hih8120_getHumidityPercent_x10
                0x00002392       0x12 ../drivers\libIotLibrary.a(hih8120.o)
                0x00002392                hih8120_getHumidityPercent_x10
 .text.hih8120_getTemperature
                0x000023a4       0x2e ../drivers\libIotLibrary.a(hih8120.o)
                0x000023a4                hih8120_getTemperature
 .text.hih8120_getTemperature_x10
                0x000023d2       0x12 ../drivers\libIotLibrary.a(hih8120.o)
                0x000023d2                hih8120_getTemperature_x10
 .text._serialCallBack
                0x000023e4       0xb6 ../drivers\libIotLibrary.a(mh_z19.o)
 .text.mh_z19_initialise
                0x0000249a       0x4a ../drivers\libIotLibrary.a(mh_z19.o)
                0x0000249a                mh_z19_initialise
 .text.mh_z19_injectCallBack
                0x000024e4        0xa ../drivers\libIotLibrary.a(mh_z19.o)
                0x000024e4                mh_z19_injectCallBack
 .text.mh_z19_takeMeassuring
                0x000024ee       0x5e ../drivers\libIotLibrary.a(mh_z19.o)
                0x000024ee                mh_z19_takeMeassuring
 .text.serial_create
                0x0000254c      0x138 ../drivers\libIotLibrary.a(serial.o)
                0x0000254c                serial_create
 .text.serial_sendByte
                0x00002684       0x56 ../drivers\libIotLibrary.a(serial.o)
                0x00002684                serial_sendByte
 .text.serial_sendBytes
                0x000026da       0xaa ../drivers\libIotLibrary.a(serial.o)
                0x000026da                serial_sendBytes
 .text.serial_getByte
                0x00002784       0x40 ../drivers\libIotLibrary.a(serial.o)
                0x00002784                serial_getByte
 .text.__vector_25
                0x000027c4       0xa4 ../drivers\libIotLibrary.a(serial.o)
                0x000027c4                __vector_25
 .text.__vector_26
                0x00002868       0x88 ../drivers\libIotLibrary.a(serial.o)
                0x00002868                __vector_26
 .text.__vector_36
                0x000028f0       0xa4 ../drivers\libIotLibrary.a(serial.o)
                0x000028f0                __vector_36
 .text.__vector_37
                0x00002994       0x88 ../drivers\libIotLibrary.a(serial.o)
                0x00002994                __vector_37
 .text.__vector_51
                0x00002a1c       0xa4 ../drivers\libIotLibrary.a(serial.o)
                0x00002a1c                __vector_51
 .text.__vector_52
                0x00002ac0       0x88 ../drivers\libIotLibrary.a(serial.o)
                0x00002ac0                __vector_52
 .text.__vector_54
                0x00002b48       0xa4 ../drivers\libIotLibrary.a(serial.o)
                0x00002b48                __vector_54
 .text.__vector_55
                0x00002bec       0x88 ../drivers\libIotLibrary.a(serial.o)
                0x00002bec                __vector_55
 .text.usart_getchar
                0x00002c74       0x2a ../drivers\libIotLibrary.a(stdio_driver.o)
 .text.usart_putchar
                0x00002c9e       0x12 ../drivers\libIotLibrary.a(stdio_driver.o)
 .text.stdio_initialise
                0x00002cb0       0x52 ../drivers\libIotLibrary.a(stdio_driver.o)
                0x00002cb0                stdio_initialise
 .text._initTwiInterface
                0x00002d02       0x22 ../drivers\libIotLibrary.a(twi.o)
 .text.twiCreate
                0x00002d24       0x9a ../drivers\libIotLibrary.a(twi.o)
                0x00002d24                twiCreate
 .text.twiIsBusy
                0x00002dbe        0x8 ../drivers\libIotLibrary.a(twi.o)
                0x00002dbe                twiIsBusy
 .text.twiTransmit
                0x00002dc6       0x98 ../drivers\libIotLibrary.a(twi.o)
                0x00002dc6                twiTransmit
 .text.twiReceive
                0x00002e5e       0x66 ../drivers\libIotLibrary.a(twi.o)
                0x00002e5e                twiReceive
 .text.__vector_39
                0x00002ec4      0x17a ../drivers\libIotLibrary.a(twi.o)
                0x00002ec4                __vector_39
 .text.fifo_init
                0x0000303e       0x38 ../drivers\libIotLibrary.a(fifo.o)
                0x0000303e                fifo_init
 .text.avr-libc.fplib
                0x00003076        0xa c:/program files (x86)/atmel/studio/7.0/toolchain/avr8/avr8-gnu-toolchain/bin/../lib/gcc/avr/5.4.0/../../../../avr/lib/avr6\libm.a(addsf3.o)
                0x00003076                __subsf3
                0x00003078                __addsf3
 .text.avr-libc.fplib
                0x00003080       0xc0 c:/program files (x86)/atmel/studio/7.0/toolchain/avr8/avr8-gnu-toolchain/bin/../lib/gcc/avr/5.4.0/../../../../avr/lib/avr6\libm.a(addsf3x.o)
                0x0000309a                __addsf3x
 .text.avr-libc.fplib
                0x00003140        0x4 c:/program files (x86)/atmel/studio/7.0/toolchain/avr8/avr8-gnu-toolchain/bin/../lib/gcc/avr/5.4.0/../../../../avr/lib/avr6\libm.a(divsf3.o)
                0x00003140                __divsf3
 .text.avr-libc.fplib
                0x00003144       0xcc c:/program files (x86)/atmel/studio/7.0/toolchain/avr8/avr8-gnu-toolchain/bin/../lib/gcc/avr/5.4.0/../../../../avr/lib/avr6\libm.a(divsf3x.o)
                0x0000315a                __divsf3x
                0x0000315e                __divsf3_pse
 .text.avr-libc.fplib
                0x00003210        0xa c:/program files (x86)/atmel/studio/7.0/toolchain/avr8/avr8-gnu-toolchain/bin/../lib/gcc/avr/5.4.0/../../../../avr/lib/avr6\libm.a(fixsfsi.o)
                0x00003210                __fixsfsi
 .text.avr-libc.fplib
                0x0000321a       0x58 c:/program files (x86)/atmel/studio/7.0/toolchain/avr8/avr8-gnu-toolchain/bin/../lib/gcc/avr/5.4.0/../../../../avr/lib/avr6\libm.a(fixunssfsi.o)
                0x0000321a                __fixunssfsi
 .text.avr-libc.fplib
                0x00003272       0x7a c:/program files (x86)/atmel/studio/7.0/toolchain/avr8/avr8-gnu-toolchain/bin/../lib/gcc/avr/5.4.0/../../../../avr/lib/avr6\libm.a(floatsisf.o)
                0x00003272                __floatunsisf
                0x00003276                __floatsisf
 .text.avr-libc.fplib
                0x000032ec        0xc c:/program files (x86)/atmel/studio/7.0/toolchain/avr8/avr8-gnu-toolchain/bin/../lib/gcc/avr/5.4.0/../../../../avr/lib/avr6\libm.a(fp_inf.o)
                0x000032ec                __fp_inf
 .text.avr-libc.fplib
                0x000032f8        0x6 c:/program files (x86)/atmel/studio/7.0/toolchain/avr8/avr8-gnu-toolchain/bin/../lib/gcc/avr/5.4.0/../../../../avr/lib/avr6\libm.a(fp_nan.o)
                0x000032f8                __fp_nan
 .text.avr-libc.fplib
                0x000032fe        0xe c:/program files (x86)/atmel/studio/7.0/toolchain/avr8/avr8-gnu-toolchain/bin/../lib/gcc/avr/5.4.0/../../../../avr/lib/avr6\libm.a(fp_pscA.o)
                0x000032fe                __fp_pscA
 .text.avr-libc.fplib
                0x0000330c        0xe c:/program files (x86)/atmel/studio/7.0/toolchain/avr8/avr8-gnu-toolchain/bin/../lib/gcc/avr/5.4.0/../../../../avr/lib/avr6\libm.a(fp_pscB.o)
                0x0000330c                __fp_pscB
 .text.avr-libc.fplib
                0x0000331a       0x22 c:/program files (x86)/atmel/studio/7.0/toolchain/avr8/avr8-gnu-toolchain/bin/../lib/gcc/avr/5.4.0/../../../../avr/lib/avr6\libm.a(fp_round.o)
                0x0000331a                __fp_round
 .text.avr-libc.fplib
                0x0000333c       0x44 c:/program files (x86)/atmel/studio/7.0/toolchain/avr8/avr8-gnu-toolchain/bin/../lib/gcc/avr/5.4.0/../../../../avr/lib/avr6\libm.a(fp_split3.o)
                0x0000333c                __fp_split3
                0x0000334c                __fp_splitA
 .text.avr-libc.fplib
                0x00003380        0xe c:/program files (x86)/atmel/studio/7.0/toolchain/avr8/avr8-gnu-toolchain/bin/../lib/gcc/avr/5.4.0/../../../../avr/lib/avr6\libm.a(fp_zero.o)
                0x00003380                __fp_zero
                0x00003382                __fp_szero
 .text.avr-libc.fplib
                0x0000338e        0x4 c:/program files (x86)/atmel/studio/7.0/toolchain/avr8/avr8-gnu-toolchain/bin/../lib/gcc/avr/5.4.0/../../../../avr/lib/avr6\libm.a(mulsf3.o)
                0x0000338e                __mulsf3
 .text.avr-libc.fplib
                0x00003392       0xc2 c:/program files (x86)/atmel/studio/7.0/toolchain/avr8/avr8-gnu-toolchain/bin/../lib/gcc/avr/5.4.0/../../../../avr/lib/avr6\libm.a(mulsf3x.o)
                0x000033a6                __mulsf3x
                0x000033aa                __mulsf3_pse
 .text.libgcc.div
                0x00003454       0x44 c:/program files (x86)/atmel/studio/7.0/toolchain/avr8/avr8-gnu-toolchain/bin/../lib/gcc/avr/5.4.0/avr6\libgcc.a(_udivmodsi4.o)
                0x00003454                __udivmodsi4
 .text.libgcc   0x00003498       0x10 c:/program files (x86)/atmel/studio/7.0/toolchain/avr8/avr8-gnu-toolchain/bin/../lib/gcc/avr/5.4.0/avr6\libgcc.a(_tablejump2.o)
                0x00003498                __tablejump2__
 .text.avr-libc
                0x000034a8       0x34 c:/program files (x86)/atmel/studio/7.0/toolchain/avr8/avr8-gnu-toolchain/bin/../lib/gcc/avr/5.4.0/../../../../avr/lib/avr6\libc.a(calloc.o)
                0x000034a8                calloc
 .text.avr-libc
                0x000034dc      0x242 c:/program files (x86)/atmel/studio/7.0/toolchain/avr8/avr8-gnu-toolchain/bin/../lib/gcc/avr/5.4.0/../../../../avr/lib/avr6\libc.a(malloc.o)
                0x000034dc                malloc
                0x0000360c                free
 .text.avr-libc
                0x0000371e        0x8 c:/program files (x86)/atmel/studio/7.0/toolchain/avr8/avr8-gnu-toolchain/bin/../lib/gcc/avr/5.4.0/../../../../avr/lib/avr6\libc.a(abort.o)
                0x0000371e                abort
 .text.avr-libc
                0x00003726       0x12 c:/program files (x86)/atmel/studio/7.0/toolchain/avr8/avr8-gnu-toolchain/bin/../lib/gcc/avr/5.4.0/../../../../avr/lib/avr6\libc.a(memcpy.o)
                0x00003726                memcpy
 .text.avr-libc
                0x00003738        0xe c:/program files (x86)/atmel/studio/7.0/toolchain/avr8/avr8-gnu-toolchain/bin/../lib/gcc/avr/5.4.0/../../../../avr/lib/avr6\libc.a(memset.o)
                0x00003738                memset
 .text.avr-libc
                0x00003746       0x26 c:/program files (x86)/atmel/studio/7.0/toolchain/avr8/avr8-gnu-toolchain/bin/../lib/gcc/avr/5.4.0/../../../../avr/lib/avr6\libc.a(printf.o)
                0x00003746                printf
 .text.avr-libc
                0x0000376c       0x60 c:/program files (x86)/atmel/studio/7.0/toolchain/avr8/avr8-gnu-toolchain/bin/../lib/gcc/avr/5.4.0/../../../../avr/lib/avr6\libc.a(puts.o)
                0x0000376c                puts
 .text.avr-libc
                0x000037cc      0x3fa c:/program files (x86)/atmel/studio/7.0/toolchain/avr8/avr8-gnu-toolchain/bin/../lib/gcc/avr/5.4.0/../../../../avr/lib/avr6\libc.a(vfprintf_std.o)
                0x000037cc                vfprintf
 .text.avr-libc
                0x00003bc6       0x16 c:/program files (x86)/atmel/studio/7.0/toolchain/avr8/avr8-gnu-toolchain/bin/../lib/gcc/avr/5.4.0/../../../../avr/lib/avr6\libc.a(strnlen_P.o)
                0x00003bc6                strnlen_P
 .text.avr-libc
                0x00003bdc       0x16 c:/program files (x86)/atmel/studio/7.0/toolchain/avr8/avr8-gnu-toolchain/bin/../lib/gcc/avr/5.4.0/../../../../avr/lib/avr6\libc.a(strnlen.o)
                0x00003bdc                strnlen
 .text.avr-libc
                0x00003bf2       0x78 c:/program files (x86)/atmel/studio/7.0/toolchain/avr8/avr8-gnu-toolchain/bin/../lib/gcc/avr/5.4.0/../../../../avr/lib/avr6\libc.a(fputc.o)
                0x00003bf2                fputc
 .text.avr-libc
                0x00003c6a       0xbc c:/program files (x86)/atmel/studio/7.0/toolchain/avr8/avr8-gnu-toolchain/bin/../lib/gcc/avr/5.4.0/../../../../avr/lib/avr6\libc.a(ultoa_invert.o)
                0x00003c6a                __ultoa_invert
                0x00003d26                . = ALIGN (0x2)
 *(.fini9)
 .fini9         0x00003d26        0x0 c:/program files (x86)/atmel/studio/7.0/toolchain/avr8/avr8-gnu-toolchain/bin/../lib/gcc/avr/5.4.0/avr6\libgcc.a(_exit.o)
                0x00003d26                _exit
                0x00003d26                exit
 *(.fini9)
 *(.fini8)
 *(.fini8)
 *(.fini7)
 *(.fini7)
 *(.fini6)
 *(.fini6)
 *(.fini5)
 *(.fini5)
 *(.fini4)
 *(.fini4)
 *(.fini3)
 *(.fini3)
 *(.fini2)
 *(.fini2)
 *(.fini1)
 *(.fini1)
 *(.fini0)
 .fini0         0x00003d26        0x4 c:/program files (x86)/atmel/studio/7.0/toolchain/avr8/avr8-gnu-toolchain/bin/../lib/gcc/avr/5.4.0/avr6\libgcc.a(_exit.o)
 *(.fini0)
                0x00003d2a                _etext = .

.data           0x00800200      0x150 load address 0x00003d2a
                0x00800200                PROVIDE (__data_start, .)
 *(.data)
 .data          0x00800200        0x6 c:/program files (x86)/atmel/studio/7.0/toolchain/avr8/avr8-gnu-toolchain/bin/../lib/gcc/avr/5.4.0/../../../../avr/lib/avr6\libc.a(malloc.o)
                0x00800200                __malloc_heap_end
                0x00800202                __malloc_heap_start
                0x00800204                __malloc_margin
 *(.data*)
 .data._temp    0x00800206        0x2 ../drivers\libIotLibrary.a(hih8120.o)
 .data._hum     0x00800208        0x2 ../drivers\libIotLibrary.a(hih8120.o)
 .data._com_port_2_udr
                0x0080020a        0x8 ../drivers\libIotLibrary.a(serial.o)
                0x0080020a                _com_port_2_udr
 .data.mystdout.1882
                0x00800212        0xe ../drivers\libIotLibrary.a(stdio_driver.o)
 .data._twiCurrentState
                0x00800220        0x1 ../drivers\libIotLibrary.a(twi.o)
 *(.gnu.linkonce.d*)
 *(.rodata)
 .rodata        0x00800221       0x2d ../drivers\libIotLibrary.a(mh_z19.o)
 *(.rodata*)
 .rodata.str1.1
                0x0080024e       0x2f CO2.o
 .rodata.str1.1
                0x0080027d       0xb0 TempAndHum.o
 .rodata.str1.1
                0x0080032d       0x22 main.o
 *(.gnu.linkonce.r*)
                0x00800350                . = ALIGN (0x2)
 *fill*         0x0080034f        0x1 
                0x00800350                _edata = .
                0x00800350                PROVIDE (__data_end, .)

.bss            0x00800350      0xad0
                0x00800350                PROVIDE (__bss_start, .)
 *(.bss)
 *(.bss*)
 .bss.xBlockAllocatedBit
                0x00800350        0x2 FreeRTOS/src/heap_4.o
 .bss.xNumberOfSuccessfulFrees
                0x00800352        0x2 FreeRTOS/src/heap_4.o
 .bss.xNumberOfSuccessfulAllocations
                0x00800354        0x2 FreeRTOS/src/heap_4.o
 .bss.xMinimumEverFreeBytesRemaining
                0x00800356        0x2 FreeRTOS/src/heap_4.o
 .bss.xFreeBytesRemaining
                0x00800358        0x2 FreeRTOS/src/heap_4.o
 .bss.pxEnd     0x0080035a        0x2 FreeRTOS/src/heap_4.o
 .bss.xStart    0x0080035c        0x4 FreeRTOS/src/heap_4.o
 .bss.ucHeap    0x00800360      0x9c4 FreeRTOS/src/heap_4.o
 .bss.uxSchedulerSuspended
                0x00800d24        0x1 FreeRTOS/src/tasks.o
 .bss.xNextTaskUnblockTime
                0x00800d25        0x4 FreeRTOS/src/tasks.o
 .bss.uxTaskNumber
                0x00800d29        0x1 FreeRTOS/src/tasks.o
 .bss.xNumOfOverflows
                0x00800d2a        0x1 FreeRTOS/src/tasks.o
 .bss.xYieldPending
                0x00800d2b        0x1 FreeRTOS/src/tasks.o
 .bss.xPendedTicks
                0x00800d2c        0x4 FreeRTOS/src/tasks.o
 .bss.xSchedulerRunning
                0x00800d30        0x1 FreeRTOS/src/tasks.o
 .bss.uxTopReadyPriority
                0x00800d31        0x1 FreeRTOS/src/tasks.o
 .bss.xTickCount
                0x00800d32        0x4 FreeRTOS/src/tasks.o
 .bss.uxCurrentNumberOfTasks
                0x00800d36        0x1 FreeRTOS/src/tasks.o
 .bss.xSuspendedTaskList
                0x00800d37        0xb FreeRTOS/src/tasks.o
 .bss.xTasksWaitingTermination
                0x00800d42        0xb FreeRTOS/src/tasks.o
 .bss.xPendingReadyList
                0x00800d4d        0xb FreeRTOS/src/tasks.o
 .bss.pxOverflowDelayedTaskList
                0x00800d58        0x2 FreeRTOS/src/tasks.o
 .bss.pxDelayedTaskList
                0x00800d5a        0x2 FreeRTOS/src/tasks.o
 .bss.xDelayedTaskList2
                0x00800d5c        0xb FreeRTOS/src/tasks.o
 .bss.xDelayedTaskList1
                0x00800d67        0xb FreeRTOS/src/tasks.o
 .bss.pxReadyTasksLists
                0x00800d72       0x6e FreeRTOS/src/tasks.o
 .bss.pxCurrentTCB
                0x00800de0        0x2 FreeRTOS/src/tasks.o
                0x00800de0                pxCurrentTCB
 .bss._measuringIsReady
                0x00800de2        0x1 ../drivers\libIotLibrary.a(hih8120.o)
 .bss._hih8120Handler
                0x00800de3        0x2 ../drivers\libIotLibrary.a(hih8120.o)
 .bss.data.1944
                0x00800de5        0x2 ../drivers\libIotLibrary.a(mh_z19.o)
 .bss.inDex.1943
                0x00800de7        0x1 ../drivers\libIotLibrary.a(mh_z19.o)
 .bss.crc_sum.1945
                0x00800de8        0x1 ../drivers\libIotLibrary.a(mh_z19.o)
 .bss._appCallBack
                0x00800de9        0x2 ../drivers\libIotLibrary.a(mh_z19.o)
 .bss._mh_state
                0x00800deb        0x1 ../drivers\libIotLibrary.a(mh_z19.o)
                0x00800deb                _mh_state
 .bss._ppm      0x00800dec        0x2 ../drivers\libIotLibrary.a(mh_z19.o)
 .bss._serial   0x00800dee        0x2 ../drivers\libIotLibrary.a(mh_z19.o)
 .bss._ser_handle
                0x00800df0        0x8 ../drivers\libIotLibrary.a(serial.o)
 .bss._com_serial_instance
                0x00800df8        0x2 ../drivers\libIotLibrary.a(stdio_driver.o)
 .bss._index.1885
                0x00800dfa        0x1 ../drivers\libIotLibrary.a(twi.o)
 .bss._twiCurrentHandler
                0x00800dfb        0x2 ../drivers\libIotLibrary.a(twi.o)
 .bss._twiMessageLen
                0x00800dfd        0x1 ../drivers\libIotLibrary.a(twi.o)
 .bss._twiMessageBuffer
                0x00800dfe        0xa ../drivers\libIotLibrary.a(twi.o)
 .bss._twiIsInitiated
                0x00800e08        0x1 ../drivers\libIotLibrary.a(twi.o)
 *(COMMON)
 COMMON         0x00800e09        0x8 application.o
                0x00800e09                measureEvenGroup
                0x00800e0b                tempHumSemaphore
                0x00800e0d                dataEventGroup
                0x00800e0f                uplinkMessageBuffer
 COMMON         0x00800e11        0x1 CO2.o
                0x00800e11                rc
 COMMON         0x00800e12        0x4 Setup.o
                0x00800e12                sensorDataQueue
                0x00800e14                downlinkMessageBuffer
 COMMON         0x00800e16        0x4 c:/program files (x86)/atmel/studio/7.0/toolchain/avr8/avr8-gnu-toolchain/bin/../lib/gcc/avr/5.4.0/../../../../avr/lib/avr6\libc.a(malloc.o)
                0x00800e16                __brkval
                0x00800e18                __flp
 COMMON         0x00800e1a        0x6 c:/program files (x86)/atmel/studio/7.0/toolchain/avr8/avr8-gnu-toolchain/bin/../lib/gcc/avr/5.4.0/../../../../avr/lib/avr6\libc.a(iob.o)
                0x00800e1a                __iob
                0x00800e20                PROVIDE (__bss_end, .)
                0x00003d2a                __data_load_start = LOADADDR (.data)
                0x00003e7a                __data_load_end = (__data_load_start + SIZEOF (.data))

.noinit         0x00800e20        0x0
                [!provide]                PROVIDE (__noinit_start, .)
 *(.noinit*)
                [!provide]                PROVIDE (__noinit_end, .)
                0x00800e20                _end = .
                0x00800e20                PROVIDE (__heap_start, .)

.eeprom         0x00810000        0x0
 *(.eeprom*)
                0x00810000                __eeprom_end = .

.fuse
 *(.fuse)
 *(.lfuse)
 *(.hfuse)
 *(.efuse)

.lock
 *(.lock*)

.signature
 *(.signature*)

.user_signatures
 *(.user_signatures*)

.stab
 *(.stab)

.stabstr
 *(.stabstr)

.stab.excl
 *(.stab.excl)

.stab.exclstr
 *(.stab.exclstr)

.stab.index
 *(.stab.index)

.stab.indexstr
 *(.stab.indexstr)

.comment        0x00000000       0x5c
 *(.comment)
 .comment       0x00000000       0x30 application.o
                                 0x31 (size before relaxing)
 .comment       0x00000030       0x31 CO2.o
 .comment       0x00000030       0x31 FreeRTOS/src/event_groups.o
 .comment       0x00000030       0x31 FreeRTOS/src/heap_4.o
 .comment       0x00000030       0x31 FreeRTOS/src/list.o
 .comment       0x00000030       0x31 FreeRTOS/src/port.o
 .comment       0x00000030       0x31 FreeRTOS/src/queue.o
 .comment       0x00000030       0x31 FreeRTOS/src/tasks.o
 .comment       0x00000030       0x31 FreeRTOS/src/variantHooks.o
 .comment       0x00000030       0x31 Setup.o
 .comment       0x00000030       0x31 TempAndHum.o
 .comment       0x00000030       0x31 main.o
 .comment       0x00000030       0x31 ../drivers\libIotLibrary.a(hih8120.o)
 .comment       0x00000030       0x31 ../drivers\libIotLibrary.a(mh_z19.o)
 .comment       0x00000030       0x31 ../drivers\libIotLibrary.a(serial.o)
 .comment       0x00000030       0x31 ../drivers\libIotLibrary.a(stdio_driver.o)
 .comment       0x00000030       0x31 ../drivers\libIotLibrary.a(twi.o)
 .comment       0x00000030       0x31 ../drivers\libIotLibrary.a(fifo.o)
 .comment       0x00000030       0x31 c:/program files (x86)/atmel/studio/7.0/toolchain/avr8/avr8-gnu-toolchain/bin/../lib/gcc/avr/5.4.0/../../../../avr/lib/avr6\libc.a(calloc.o)
 .comment       0x00000030       0x31 c:/program files (x86)/atmel/studio/7.0/toolchain/avr8/avr8-gnu-toolchain/bin/../lib/gcc/avr/5.4.0/../../../../avr/lib/avr6\libc.a(malloc.o)
 .comment       0x00000030       0x31 c:/program files (x86)/atmel/studio/7.0/toolchain/avr8/avr8-gnu-toolchain/bin/../lib/gcc/avr/5.4.0/../../../../avr/lib/avr6\libc.a(iob.o)
 .comment       0x00000030       0x31 c:/program files (x86)/atmel/studio/7.0/toolchain/avr8/avr8-gnu-toolchain/bin/../lib/gcc/avr/5.4.0/../../../../avr/lib/avr6\libc.a(printf.o)
 .comment       0x00000030       0x31 c:/program files (x86)/atmel/studio/7.0/toolchain/avr8/avr8-gnu-toolchain/bin/../lib/gcc/avr/5.4.0/../../../../avr/lib/avr6\libc.a(puts.o)
 .comment       0x00000030       0x2c c:/program files (x86)/atmel/studio/7.0/toolchain/avr8/avr8-gnu-toolchain/bin/../lib/gcc/avr/5.4.0/../../../../avr/lib/avr6\libc.a(vfprintf_std.o)
                                 0x2d (size before relaxing)
 .comment       0x0000005c       0x31 c:/program files (x86)/atmel/studio/7.0/toolchain/avr8/avr8-gnu-toolchain/bin/../lib/gcc/avr/5.4.0/../../../../avr/lib/avr6\libc.a(fputc.o)

.note.gnu.avr.deviceinfo
                0x00000000       0x40
 .note.gnu.avr.deviceinfo
                0x00000000       0x40 C:/Program Files (x86)/Atmel/Studio/7.0/Packs/atmel/ATmega_DFP/1.6.364/gcc/dev/atmega2560/avr6/crtatmega2560.o

.note.gnu.build-id
 *(.note.gnu.build-id)

.debug
 *(.debug)

.line
 *(.line)

.debug_srcinfo
 *(.debug_srcinfo)

.debug_sfnames
 *(.debug_sfnames)

.debug_aranges  0x00000000      0x778
 *(.debug_aranges)
 .debug_aranges
                0x00000000       0x28 application.o
 .debug_aranges
                0x00000028       0x40 CO2.o
 .debug_aranges
                0x00000068       0x68 FreeRTOS/src/event_groups.o
 .debug_aranges
                0x000000d0       0x58 FreeRTOS/src/heap_4.o
 .debug_aranges
                0x00000128       0x40 FreeRTOS/src/list.o
 .debug_aranges
                0x00000168       0x58 FreeRTOS/src/port.o
 .debug_aranges
                0x000001c0       0xf8 FreeRTOS/src/queue.o
 .debug_aranges
                0x000002b8      0x1d0 FreeRTOS/src/tasks.o
 .debug_aranges
                0x00000488       0x40 FreeRTOS/src/variantHooks.o
 .debug_aranges
                0x000004c8       0x40 Setup.o
 .debug_aranges
                0x00000508       0x38 TempAndHum.o
 .debug_aranges
                0x00000540       0x40 main.o
 .debug_aranges
                0x00000580       0x68 ../drivers\libIotLibrary.a(hih8120.o)
 .debug_aranges
                0x000005e8       0x58 ../drivers\libIotLibrary.a(mh_z19.o)
 .debug_aranges
                0x00000640       0x90 ../drivers\libIotLibrary.a(serial.o)
 .debug_aranges
                0x000006d0       0x38 ../drivers\libIotLibrary.a(stdio_driver.o)
 .debug_aranges
                0x00000708       0x50 ../drivers\libIotLibrary.a(twi.o)
 .debug_aranges
                0x00000758       0x20 ../drivers\libIotLibrary.a(fifo.o)

.debug_pubnames
 *(.debug_pubnames)

.debug_info     0x00000000     0x90c8
 *(.debug_info .gnu.linkonce.wi.*)
 .debug_info    0x00000000      0xbbc C:/Program Files (x86)/Atmel/Studio/7.0/Packs/atmel/ATmega_DFP/1.6.364/gcc/dev/atmega2560/avr6/crtatmega2560.o
 .debug_info    0x00000bbc      0x3f5 application.o
 .debug_info    0x00000fb1      0x3e9 CO2.o
 .debug_info    0x0000139a      0x971 FreeRTOS/src/event_groups.o
 .debug_info    0x00001d0b      0x4e6 FreeRTOS/src/heap_4.o
 .debug_info    0x000021f1      0x2e7 FreeRTOS/src/list.o
 .debug_info    0x000024d8      0x2ff FreeRTOS/src/port.o
 .debug_info    0x000027d7     0x17e6 FreeRTOS/src/queue.o
 .debug_info    0x00003fbd     0x2239 FreeRTOS/src/tasks.o
 .debug_info    0x000061f6      0x20f FreeRTOS/src/variantHooks.o
 .debug_info    0x00006405      0x275 Setup.o
 .debug_info    0x0000667a      0x4a1 TempAndHum.o
 .debug_info    0x00006b1b      0x3fd main.o
 .debug_info    0x00006f18      0x3a9 ../drivers\libIotLibrary.a(hih8120.o)
 .debug_info    0x000072c1      0x556 ../drivers\libIotLibrary.a(mh_z19.o)
 .debug_info    0x00007817      0xddb ../drivers\libIotLibrary.a(serial.o)
 .debug_info    0x000085f2      0x3b6 ../drivers\libIotLibrary.a(stdio_driver.o)
 .debug_info    0x000089a8      0x55d ../drivers\libIotLibrary.a(twi.o)
 .debug_info    0x00008f05      0x1c3 ../drivers\libIotLibrary.a(fifo.o)

.debug_abbrev   0x00000000     0x29c3
 *(.debug_abbrev)
 .debug_abbrev  0x00000000      0xb1a C:/Program Files (x86)/Atmel/Studio/7.0/Packs/atmel/ATmega_DFP/1.6.364/gcc/dev/atmega2560/avr6/crtatmega2560.o
 .debug_abbrev  0x00000b1a      0x166 application.o
 .debug_abbrev  0x00000c80      0x16e CO2.o
 .debug_abbrev  0x00000dee      0x1dc FreeRTOS/src/event_groups.o
 .debug_abbrev  0x00000fca      0x200 FreeRTOS/src/heap_4.o
 .debug_abbrev  0x000011ca       0xff FreeRTOS/src/list.o
 .debug_abbrev  0x000012c9      0x179 FreeRTOS/src/port.o
 .debug_abbrev  0x00001442      0x241 FreeRTOS/src/queue.o
 .debug_abbrev  0x00001683      0x2c8 FreeRTOS/src/tasks.o
 .debug_abbrev  0x0000194b       0xff FreeRTOS/src/variantHooks.o
 .debug_abbrev  0x00001a4a       0xc1 Setup.o
 .debug_abbrev  0x00001b0b      0x16a TempAndHum.o
 .debug_abbrev  0x00001c75      0x196 main.o
 .debug_abbrev  0x00001e0b      0x184 ../drivers\libIotLibrary.a(hih8120.o)
 .debug_abbrev  0x00001f8f      0x238 ../drivers\libIotLibrary.a(mh_z19.o)
 .debug_abbrev  0x000021c7      0x34a ../drivers\libIotLibrary.a(serial.o)
 .debug_abbrev  0x00002511      0x1b3 ../drivers\libIotLibrary.a(stdio_driver.o)
 .debug_abbrev  0x000026c4      0x217 ../drivers\libIotLibrary.a(twi.o)
 .debug_abbrev  0x000028db       0xe8 ../drivers\libIotLibrary.a(fifo.o)

.debug_line     0x00000000     0x4cf4
 *(.debug_line .debug_line.* .debug_line_end)
 .debug_line    0x00000000      0x1fa C:/Program Files (x86)/Atmel/Studio/7.0/Packs/atmel/ATmega_DFP/1.6.364/gcc/dev/atmega2560/avr6/crtatmega2560.o
 .debug_line    0x000001fa      0x234 application.o
 .debug_line    0x0000042e      0x1c9 CO2.o
 .debug_line    0x000005f7      0x413 FreeRTOS/src/event_groups.o
 .debug_line    0x00000a0a      0x41f FreeRTOS/src/heap_4.o
 .debug_line    0x00000e29      0x1db FreeRTOS/src/list.o
 .debug_line    0x00001004      0x28a FreeRTOS/src/port.o
 .debug_line    0x0000128e      0xbe3 FreeRTOS/src/queue.o
 .debug_line    0x00001e71     0x15ba FreeRTOS/src/tasks.o
 .debug_line    0x0000342b      0x1af FreeRTOS/src/variantHooks.o
 .debug_line    0x000035da      0x1d9 Setup.o
 .debug_line    0x000037b3      0x1f6 TempAndHum.o
 .debug_line    0x000039a9      0x1e8 main.o
 .debug_line    0x00003b91      0x24a ../drivers\libIotLibrary.a(hih8120.o)
 .debug_line    0x00003ddb      0x2fc ../drivers\libIotLibrary.a(mh_z19.o)
 .debug_line    0x000040d7      0x6a0 ../drivers\libIotLibrary.a(serial.o)
 .debug_line    0x00004777      0x146 ../drivers\libIotLibrary.a(stdio_driver.o)
 .debug_line    0x000048bd      0x31c ../drivers\libIotLibrary.a(twi.o)
 .debug_line    0x00004bd9      0x11b ../drivers\libIotLibrary.a(fifo.o)

.debug_frame    0x00000000     0x190c
 *(.debug_frame)
 .debug_frame   0x00000000       0x58 application.o
 .debug_frame   0x00000058       0xa0 CO2.o
 .debug_frame   0x000000f8      0x1dc FreeRTOS/src/event_groups.o
 .debug_frame   0x000002d4       0xfc FreeRTOS/src/heap_4.o
 .debug_frame   0x000003d0       0x90 FreeRTOS/src/list.o
 .debug_frame   0x00000460       0x94 FreeRTOS/src/port.o
 .debug_frame   0x000004f4      0x3a4 FreeRTOS/src/queue.o
 .debug_frame   0x00000898      0x7a0 FreeRTOS/src/tasks.o
 .debug_frame   0x00001038       0x64 FreeRTOS/src/variantHooks.o
 .debug_frame   0x0000109c       0x64 Setup.o
 .debug_frame   0x00001100       0x74 TempAndHum.o
 .debug_frame   0x00001174       0x70 main.o
 .debug_frame   0x000011e4       0xc0 ../drivers\libIotLibrary.a(hih8120.o)
 .debug_frame   0x000012a4      0x100 ../drivers\libIotLibrary.a(mh_z19.o)
 .debug_frame   0x000013a4      0x384 ../drivers\libIotLibrary.a(serial.o)
 .debug_frame   0x00001728       0x94 ../drivers\libIotLibrary.a(stdio_driver.o)
 .debug_frame   0x000017bc      0x12c ../drivers\libIotLibrary.a(twi.o)
 .debug_frame   0x000018e8       0x24 ../drivers\libIotLibrary.a(fifo.o)

.debug_str      0x00000000     0x2fae
 *(.debug_str)
 .debug_str     0x00000000      0x3e6 C:/Program Files (x86)/Atmel/Studio/7.0/Packs/atmel/ATmega_DFP/1.6.364/gcc/dev/atmega2560/avr6/crtatmega2560.o
 .debug_str     0x000003e6      0x3ad application.o
                                0x3f8 (size before relaxing)
 .debug_str     0x00000793      0x169 CO2.o
                                0x39a (size before relaxing)
 .debug_str     0x000008fc      0x36f FreeRTOS/src/event_groups.o
                                0x597 (size before relaxing)
 .debug_str     0x00000c6b      0x2c7 FreeRTOS/src/heap_4.o
                                0x48d (size before relaxing)
 .debug_str     0x00000f32       0x89 FreeRTOS/src/list.o
                                0x2c9 (size before relaxing)
 .debug_str     0x00000fbb      0x14d FreeRTOS/src/port.o
                                0x2fe (size before relaxing)
 .debug_str     0x00001108      0x627 FreeRTOS/src/queue.o
                                0x93d (size before relaxing)
 .debug_str     0x0000172f      0x96b FreeRTOS/src/tasks.o
                                0xf5e (size before relaxing)
 .debug_str     0x0000209a       0x81 FreeRTOS/src/variantHooks.o
                                0x275 (size before relaxing)
 .debug_str     0x0000211b       0xc4 Setup.o
                                0x321 (size before relaxing)
 .debug_str     0x000021df      0x14f TempAndHum.o
                                0x3f3 (size before relaxing)
 .debug_str     0x0000232e       0x71 main.o
                                0x393 (size before relaxing)
 .debug_str     0x0000239f      0x2d9 ../drivers\libIotLibrary.a(hih8120.o)
                                0x45c (size before relaxing)
 .debug_str     0x00002678      0x225 ../drivers\libIotLibrary.a(mh_z19.o)
                                0x489 (size before relaxing)
 .debug_str     0x0000289d      0x35a ../drivers\libIotLibrary.a(serial.o)
                                0x62f (size before relaxing)
 .debug_str     0x00002bf7       0xa6 ../drivers\libIotLibrary.a(stdio_driver.o)
                                0x37d (size before relaxing)
 .debug_str     0x00002c9d      0x2ef ../drivers\libIotLibrary.a(twi.o)
                                0x5b4 (size before relaxing)
 .debug_str     0x00002f8c       0x22 ../drivers\libIotLibrary.a(fifo.o)
                                0x239 (size before relaxing)

.debug_loc      0x00000000     0x7b97
 *(.debug_loc)
 .debug_loc     0x00000000      0x1d4 application.o
 .debug_loc     0x000001d4      0x139 CO2.o
 .debug_loc     0x0000030d      0xcc9 FreeRTOS/src/event_groups.o
 .debug_loc     0x00000fd6      0x4be FreeRTOS/src/heap_4.o
 .debug_loc     0x00001494      0x17d FreeRTOS/src/list.o
 .debug_loc     0x00001611       0xf6 FreeRTOS/src/port.o
 .debug_loc     0x00001707     0x1abd FreeRTOS/src/queue.o
 .debug_loc     0x000031c4     0x2a07 FreeRTOS/src/tasks.o
 .debug_loc     0x00005bcb       0xdc FreeRTOS/src/variantHooks.o
 .debug_loc     0x00005ca7       0xee TempAndHum.o
 .debug_loc     0x00005d95       0x3c main.o
 .debug_loc     0x00005dd1       0x9f ../drivers\libIotLibrary.a(hih8120.o)
 .debug_loc     0x00005e70      0x37c ../drivers\libIotLibrary.a(mh_z19.o)
 .debug_loc     0x000061ec     0x114c ../drivers\libIotLibrary.a(serial.o)
 .debug_loc     0x00007338      0x18c ../drivers\libIotLibrary.a(stdio_driver.o)
 .debug_loc     0x000074c4      0x575 ../drivers\libIotLibrary.a(twi.o)
 .debug_loc     0x00007a39      0x15e ../drivers\libIotLibrary.a(fifo.o)

.debug_macinfo
 *(.debug_macinfo)

.debug_weaknames
 *(.debug_weaknames)

.debug_funcnames
 *(.debug_funcnames)

.debug_typenames
 *(.debug_typenames)

.debug_varnames
 *(.debug_varnames)

.debug_pubtypes
 *(.debug_pubtypes)

.debug_ranges   0x00000000      0x710
 *(.debug_ranges)
 .debug_ranges  0x00000000       0x18 application.o
 .debug_ranges  0x00000018       0x30 CO2.o
 .debug_ranges  0x00000048       0x70 FreeRTOS/src/event_groups.o
 .debug_ranges  0x000000b8       0x48 FreeRTOS/src/heap_4.o
 .debug_ranges  0x00000100       0x30 FreeRTOS/src/list.o
 .debug_ranges  0x00000130       0x48 FreeRTOS/src/port.o
 .debug_ranges  0x00000178      0x130 FreeRTOS/src/queue.o
 .debug_ranges  0x000002a8      0x200 FreeRTOS/src/tasks.o
 .debug_ranges  0x000004a8       0x30 FreeRTOS/src/variantHooks.o
 .debug_ranges  0x000004d8       0x30 Setup.o
 .debug_ranges  0x00000508       0x28 TempAndHum.o
 .debug_ranges  0x00000530       0x30 main.o
 .debug_ranges  0x00000560       0x58 ../drivers\libIotLibrary.a(hih8120.o)
 .debug_ranges  0x000005b8       0x48 ../drivers\libIotLibrary.a(mh_z19.o)
 .debug_ranges  0x00000600       0x98 ../drivers\libIotLibrary.a(serial.o)
 .debug_ranges  0x00000698       0x28 ../drivers\libIotLibrary.a(stdio_driver.o)
 .debug_ranges  0x000006c0       0x40 ../drivers\libIotLibrary.a(twi.o)
 .debug_ranges  0x00000700       0x10 ../drivers\libIotLibrary.a(fifo.o)

.debug_macro
 *(.debug_macro)
OUTPUT(Semester4.elf elf32-avr)
LOAD linker stubs
