Archive member included to satisfy reference by file (symbol)

../drivers\libIotLibrary.a(lora_driver.o)
                              LoRaWANHandler.o (lora_driver_flushBuffers)
../drivers\libIotLibrary.a(lora_driver_utils.o)
                              ../drivers\libIotLibrary.a(lora_driver.o) (decode_port_no)
../drivers\libIotLibrary.a(serial.o)
                              ../drivers\libIotLibrary.a(lora_driver.o) (serial_create)
../drivers\libIotLibrary.a(stdio_driver.o)
                              main.o (stdio_initialise)
../drivers\libIotLibrary.a(status_leds.o)
                              main.o (status_leds_initialise)
../drivers\libIotLibrary.a(fifo.o)
                              ../drivers\libIotLibrary.a(serial.o) (fifo_init)
c:/program files (x86)/atmel/studio/7.0/toolchain/avr8/avr8-gnu-toolchain/bin/../lib/gcc/avr/5.4.0/../../../../avr/lib/avr6\libm.a(addsf3.o)
                              ../drivers\libIotLibrary.a(serial.o) (__subsf3)
c:/program files (x86)/atmel/studio/7.0/toolchain/avr8/avr8-gnu-toolchain/bin/../lib/gcc/avr/5.4.0/../../../../avr/lib/avr6\libm.a(addsf3x.o)
                              c:/program files (x86)/atmel/studio/7.0/toolchain/avr8/avr8-gnu-toolchain/bin/../lib/gcc/avr/5.4.0/../../../../avr/lib/avr6\libm.a(addsf3.o) (__addsf3x)
c:/program files (x86)/atmel/studio/7.0/toolchain/avr8/avr8-gnu-toolchain/bin/../lib/gcc/avr/5.4.0/../../../../avr/lib/avr6\libm.a(divsf3.o)
                              ../drivers\libIotLibrary.a(serial.o) (__divsf3)
c:/program files (x86)/atmel/studio/7.0/toolchain/avr8/avr8-gnu-toolchain/bin/../lib/gcc/avr/5.4.0/../../../../avr/lib/avr6\libm.a(divsf3x.o)
                              c:/program files (x86)/atmel/studio/7.0/toolchain/avr8/avr8-gnu-toolchain/bin/../lib/gcc/avr/5.4.0/../../../../avr/lib/avr6\libm.a(divsf3.o) (__divsf3x)
c:/program files (x86)/atmel/studio/7.0/toolchain/avr8/avr8-gnu-toolchain/bin/../lib/gcc/avr/5.4.0/../../../../avr/lib/avr6\libm.a(fixunssfsi.o)
                              ../drivers\libIotLibrary.a(serial.o) (__fixunssfsi)
c:/program files (x86)/atmel/studio/7.0/toolchain/avr8/avr8-gnu-toolchain/bin/../lib/gcc/avr/5.4.0/../../../../avr/lib/avr6\libm.a(floatsisf.o)
                              ../drivers\libIotLibrary.a(serial.o) (__floatunsisf)
c:/program files (x86)/atmel/studio/7.0/toolchain/avr8/avr8-gnu-toolchain/bin/../lib/gcc/avr/5.4.0/../../../../avr/lib/avr6\libm.a(fp_inf.o)
                              c:/program files (x86)/atmel/studio/7.0/toolchain/avr8/avr8-gnu-toolchain/bin/../lib/gcc/avr/5.4.0/../../../../avr/lib/avr6\libm.a(addsf3x.o) (__fp_inf)
c:/program files (x86)/atmel/studio/7.0/toolchain/avr8/avr8-gnu-toolchain/bin/../lib/gcc/avr/5.4.0/../../../../avr/lib/avr6\libm.a(fp_nan.o)
                              c:/program files (x86)/atmel/studio/7.0/toolchain/avr8/avr8-gnu-toolchain/bin/../lib/gcc/avr/5.4.0/../../../../avr/lib/avr6\libm.a(addsf3x.o) (__fp_nan)
c:/program files (x86)/atmel/studio/7.0/toolchain/avr8/avr8-gnu-toolchain/bin/../lib/gcc/avr/5.4.0/../../../../avr/lib/avr6\libm.a(fp_pscA.o)
                              c:/program files (x86)/atmel/studio/7.0/toolchain/avr8/avr8-gnu-toolchain/bin/../lib/gcc/avr/5.4.0/../../../../avr/lib/avr6\libm.a(addsf3x.o) (__fp_pscA)
c:/program files (x86)/atmel/studio/7.0/toolchain/avr8/avr8-gnu-toolchain/bin/../lib/gcc/avr/5.4.0/../../../../avr/lib/avr6\libm.a(fp_pscB.o)
                              c:/program files (x86)/atmel/studio/7.0/toolchain/avr8/avr8-gnu-toolchain/bin/../lib/gcc/avr/5.4.0/../../../../avr/lib/avr6\libm.a(addsf3x.o) (__fp_pscB)
c:/program files (x86)/atmel/studio/7.0/toolchain/avr8/avr8-gnu-toolchain/bin/../lib/gcc/avr/5.4.0/../../../../avr/lib/avr6\libm.a(fp_round.o)
                              c:/program files (x86)/atmel/studio/7.0/toolchain/avr8/avr8-gnu-toolchain/bin/../lib/gcc/avr/5.4.0/../../../../avr/lib/avr6\libm.a(addsf3.o) (__fp_round)
c:/program files (x86)/atmel/studio/7.0/toolchain/avr8/avr8-gnu-toolchain/bin/../lib/gcc/avr/5.4.0/../../../../avr/lib/avr6\libm.a(fp_split3.o)
                              c:/program files (x86)/atmel/studio/7.0/toolchain/avr8/avr8-gnu-toolchain/bin/../lib/gcc/avr/5.4.0/../../../../avr/lib/avr6\libm.a(addsf3x.o) (__fp_split3)
c:/program files (x86)/atmel/studio/7.0/toolchain/avr8/avr8-gnu-toolchain/bin/../lib/gcc/avr/5.4.0/../../../../avr/lib/avr6\libm.a(fp_zero.o)
                              c:/program files (x86)/atmel/studio/7.0/toolchain/avr8/avr8-gnu-toolchain/bin/../lib/gcc/avr/5.4.0/../../../../avr/lib/avr6\libm.a(addsf3x.o) (__fp_zero)
c:/program files (x86)/atmel/studio/7.0/toolchain/avr8/avr8-gnu-toolchain/bin/../lib/gcc/avr/5.4.0/../../../../avr/lib/avr6\libm.a(mulsf3.o)
                              ../drivers\libIotLibrary.a(serial.o) (__mulsf3)
c:/program files (x86)/atmel/studio/7.0/toolchain/avr8/avr8-gnu-toolchain/bin/../lib/gcc/avr/5.4.0/../../../../avr/lib/avr6\libm.a(mulsf3x.o)
[...]
Memory Configuration

Name             Origin             Length             Attributes
text             0x00000000         0x00040000         xr
data             0x00800200         0x00002000         rw !x
eeprom           0x00810000         0x00001000         rw !x
fuse             0x00820000         0x00000003         rw !x
lock             0x00830000         0x00000400         rw !x
signature        0x00840000         0x00000400         rw !x
user_signatures  0x00850000         0x00000400         rw !x
*default*        0x00000000         0xffffffff

Linker script and memory map

Address of section .data set to 0x800200
LOAD C:/Program Files (x86)/Atmel/Studio/7.0/Packs/atmel/ATmega_DFP/1.6.364/gcc/dev/atmega2560/avr6/crtatmega2560.o
LOAD FreeRTOS/FreeRTOSTraceDriver/FreeRTOSTraceDriver.o
LOAD FreeRTOS/src/croutine.o
LOAD FreeRTOS/src/event_groups.o
LOAD FreeRTOS/src/heap_4.o
LOAD FreeRTOS/src/list.o
LOAD FreeRTOS/src/port.o
LOAD FreeRTOS/src/queue.o
LOAD FreeRTOS/src/stream_buffer.o
LOAD FreeRTOS/src/tasks.o
LOAD FreeRTOS/src/timers.o
LOAD FreeRTOS/src/variantHooks.o
LOAD LoRaWANHandler.o
LOAD main.o
START GROUP
LOAD c:/program files (x86)/atmel/studio/7.0/toolchain/avr8/avr8-gnu-toolchain/bin/../lib/gcc/avr/5.4.0/../../../../avr/lib/avr6\libm.a
LOAD ../drivers\libIotLibrary.a
END GROUP
START GROUP
LOAD c:/program files (x86)/atmel/studio/7.0/toolchain/avr8/avr8-gnu-toolchain/bin/../lib/gcc/avr/5.4.0/avr6\libgcc.a
LOAD c:/program files (x86)/atmel/studio/7.0/toolchain/avr8/avr8-gnu-toolchain/bin/../lib/gcc/avr/5.4.0/../../../../avr/lib/avr6\libm.a
LOAD c:/program files (x86)/atmel/studio/7.0/toolchain/avr8/avr8-gnu-toolchain/bin/../lib/gcc/avr/5.4.0/../../../../avr/lib/avr6\libc.a
LOAD C:/Program Files (x86)/Atmel/Studio/7.0/Packs/atmel/ATmega_DFP/1.6.364/gcc/dev/atmega2560/avr6\libatmega2560.a
END GROUP
                0x00000000                __TEXT_REGION_ORIGIN__ = DEFINED (__TEXT_REGION_ORIGIN__)?__TEXT_REGION_ORIGIN__:0x0
                [0x00800200]                __DATA_REGION_ORIGIN__ = DEFINED (__DATA_REGION_ORIGIN__)?__DATA_REGION_ORIGIN__:0x800200
                [0x00040000]                __TEXT_REGION_LENGTH__ = DEFINED (__TEXT_REGION_LENGTH__)?__TEXT_REGION_LENGTH__:0x100000
                [0x00002000]                __DATA_REGION_LENGTH__ = DEFINED (__DATA_REGION_LENGTH__)?__DATA_REGION_LENGTH__:0xfe00
                [0x00001000]                __EEPROM_REGION_LENGTH__ = DEFINED (__EEPROM_REGION_LENGTH__)?__EEPROM_REGION_LENGTH__:0x10000
                [0x00000003]                __FUSE_REGION_LENGTH__ = DEFINED (__FUSE_REGION_LENGTH__)?__FUSE_REGION_LENGTH__:0x400
                0x00000400                __LOCK_REGION_LENGTH__ = DEFINED (__LOCK_REGION_LENGTH__)?__LOCK_REGION_LENGTH__:0x400
                0x00000400                __SIGNATURE_REGION_LENGTH__ = DEFINED (__SIGNATURE_REGION_LENGTH__)?__SIGNATURE_REGION_LENGTH__:0x400
                0x00000400                __USER_SIGNATURE_REGION_LENGTH__ = DEFINED (__USER_SIGNATURE_REGION_LENGTH__)?__USER_SIGNATURE_REGION_LENGTH__:0x400

.hash
 *(.hash)

.dynsym
 *(.dynsym)

.dynstr
 *(.dynstr)

.gnu.version
 *(.gnu.version)

.gnu.version_d
 *(.gnu.version_d)

.gnu.version_r
 *(.gnu.version_r)

.rel.init
 *(.rel.init)

.rela.init
 *(.rela.init)

.rel.text
 *(.rel.text)
 *(.rel.text.*)
 *(.rel.gnu.linkonce.t*)

.rela.text
 *(.rela.text)
 *(.rela.text.*)
 *(.rela.gnu.linkonce.t*)

.rel.fini
 *(.rel.fini)

.rela.fini
 *(.rela.fini)

.rel.rodata
 *(.rel.rodata)
 *(.rel.rodata.*)
 *(.rel.gnu.linkonce.r*)

.rela.rodata
 *(.rela.rodata)
 *(.rela.rodata.*)
 *(.rela.gnu.linkonce.r*)

.rel.data
 *(.rel.data)
 *(.rel.data.*)
 *(.rel.gnu.linkonce.d*)

.rela.data
 *(.rela.data)
 *(.rela.data.*)
 *(.rela.gnu.linkonce.d*)

.rel.ctors
 *(.rel.ctors)

.rela.ctors
 *(.rela.ctors)

.rel.dtors
 *(.rel.dtors)

.rela.dtors
 *(.rela.dtors)

.rel.got
 *(.rel.got)

.rela.got
 *(.rela.got)

.rel.bss
 *(.rel.bss)

.rela.bss
 *(.rela.bss)

.rel.plt
 *(.rel.plt)

.rela.plt
 *(.rela.plt)

.text           0x00000000     0x5290
 *(.vectors)
 .vectors       0x00000000       0xe4 C:/Program Files (x86)/Atmel/Studio/7.0/Packs/atmel/ATmega_DFP/1.6.364/gcc/dev/atmega2560/avr6/crtatmega2560.o
                0x00000000                __vector_default
                0x00000000                __vectors
 *(.vectors)
 *(.progmem.gcc*)
 .progmem.gcc_sw_table.prvProcessReceivedCommands
                0x000000e4       0x14 FreeRTOS/src/timers.o
                0x000000f8                . = ALIGN (0x2)
                0x000000f8                __trampolines_start = .
 *(.trampolines)
 .trampolines   0x000000f8        0x0 linker stubs
 *(.trampolines*)
                0x000000f8                __trampolines_end = .
 *libprintf_flt.a:*(.progmem.data)
 *libc.a:*(.progmem.data)
 *(.progmem*)
                0x000000f8                . = ALIGN (0x2)
 *(.jumptables)
 *(.jumptables*)
 *(.lowtext)
 .lowtext       0x000000f8       0x14 FreeRTOS/src/tasks.o
 .lowtext       0x0000010c       0x1e FreeRTOS/src/timers.o
 *(.lowtext*)
                0x0000012a                __ctors_start = .
 *(.ctors)
                0x0000012a                __ctors_end = .
                0x0000012a                __dtors_start = .
 *(.dtors)
                0x0000012a                __dtors_end = .
 SORT(*)(.ctors)
 SORT(*)(.dtors)
 *(.init0)
 .init0         0x0000012a        0x0 C:/Program Files (x86)/Atmel/Studio/7.0/Packs/atmel/ATmega_DFP/1.6.364/gcc/dev/atmega2560/avr6/crtatmega2560.o
                0x0000012a                __init
 *(.init0)
 *(.init1)
 *(.init1)
 *(.init2)
 .init2         0x0000012a       0x10 C:/Program Files (x86)/Atmel/Studio/7.0/Packs/atmel/ATmega_DFP/1.6.364/gcc/dev/atmega2560/avr6/crtatmega2560.o
 *(.init2)
 *(.init3)
 *(.init3)
 *(.init4)
 .init4         0x0000013a       0x1a c:/program files (x86)/atmel/studio/7.0/toolchain/avr8/avr8-gnu-toolchain/bin/../lib/gcc/avr/5.4.0/avr6\libgcc.a(_copy_data.o)
                0x0000013a                __do_copy_data
 .init4         0x00000154       0x10 c:/program files (x86)/atmel/studio/7.0/toolchain/avr8/avr8-gnu-toolchain/bin/../lib/gcc/avr/5.4.0/avr6\libgcc.a(_clear_bss.o)
                0x00000154                __do_clear_bss
 *(.init4)
 *(.init5)
 *(.init5)
 *(.init6)
 *(.init6)
 *(.init7)
 *(.init7)
 *(.init8)
 *(.init8)
 *(.init9)
 .init9         0x00000164        0x8 C:/Program Files (x86)/Atmel/Studio/7.0/Packs/atmel/ATmega_DFP/1.6.364/gcc/dev/atmega2560/avr6/crtatmega2560.o
 *(.init9)
 *(.text)
 .text          0x0000016c        0x2 C:/Program Files (x86)/Atmel/Studio/7.0/Packs/atmel/ATmega_DFP/1.6.364/gcc/dev/atmega2560/avr6/crtatmega2560.o
                0x0000016c                __vector_38
                0x0000016c                __vector_22
                0x0000016c                __vector_28
                0x0000016c                __vector_1
                0x0000016c                __vector_32
                0x0000016c                __vector_34
                0x0000016c                __vector_24
                0x0000016c                __vector_46
                0x0000016c                __bad_interrupt
                0x0000016c                __vector_6
                0x0000016c                __vector_31
                0x0000016c                __vector_35
                0x0000016c                __vector_39
                0x0000016c                __vector_3
                0x0000016c                __vector_23
                0x0000016c                __vector_30
                0x0000016c                __vector_45
                0x0000016c                __vector_11
                0x0000016c                __vector_13
                0x0000016c                __vector_17
                0x0000016c                __vector_19
                0x0000016c                __vector_56
                0x0000016c                __vector_7
                0x0000016c                __vector_49
                0x0000016c                __vector_41
                0x0000016c                __vector_43
                0x0000016c                __vector_27
                0x0000016c                __vector_5
                0x0000016c                __vector_33
                0x0000016c                __vector_47
                0x0000016c                __vector_4
                0x0000016c                __vector_44
                0x0000016c                __vector_9
                0x0000016c                __vector_2
                0x0000016c                __vector_21
                0x0000016c                __vector_15
                0x0000016c                __vector_29
                0x0000016c                __vector_40
                0x0000016c                __vector_8
                0x0000016c                __vector_48
                0x0000016c                __vector_14
                0x0000016c                __vector_53
                0x0000016c                __vector_10
                0x0000016c                __vector_50
                0x0000016c                __vector_16
                0x0000016c                __vector_18
                0x0000016c                __vector_20
                0x0000016c                __vector_42
                0x0000016e                . = ALIGN (0x2)
 *(.text.*)
 .text.prvHeapInit
                0x0000016e       0x52 FreeRTOS/src/heap_4.o
 .text.prvInsertBlockIntoFreeList
                0x000001c0       0x94 FreeRTOS/src/heap_4.o
 .text.pvPortMalloc
                0x00000254      0x152 FreeRTOS/src/heap_4.o
                0x00000254                pvPortMalloc
 .text.vPortFree
                0x000003a6       0x7a FreeRTOS/src/heap_4.o
                0x000003a6                vPortFree
 .text.vListInitialise
                0x00000420       0x22 FreeRTOS/src/list.o
                0x00000420                vListInitialise
 .text.vListInitialiseItem
                0x00000442        0x8 FreeRTOS/src/list.o
                0x00000442                vListInitialiseItem
 .text.vListInsert
                0x0000044a       0x7a FreeRTOS/src/list.o
                0x0000044a                vListInsert
 .text.uxListRemove
                0x000004c4       0x4e FreeRTOS/src/list.o
                0x000004c4                uxListRemove
 .text.prvSetupTimerInterrupt
                0x00000512       0x18 FreeRTOS/src/port.o
 .text.pxPortInitialiseStack
                0x0000052a       0x2e FreeRTOS/src/port.o
                0x0000052a                pxPortInitialiseStack
 .text.xPortStartScheduler
                0x00000558       0x64 FreeRTOS/src/port.o
                0x00000558                xPortStartScheduler
 .text.vPortYield
                0x000005bc       0xc2 FreeRTOS/src/port.o
                0x000005bc                vPortYield
 .text.vPortYieldFromTick
                0x0000067e       0xca FreeRTOS/src/port.o
                0x0000067e                vPortYieldFromTick
 .text.__vector_12
                0x00000748        0x4 FreeRTOS/src/port.o
                0x00000748                __vector_12
 .text.prvIsQueueEmpty
                0x0000074c       0x1a FreeRTOS/src/queue.o
 .text.prvIsQueueFull
                0x00000766       0x1c FreeRTOS/src/queue.o
 .text.prvCopyDataToQueue
                0x00000782       0xbe FreeRTOS/src/queue.o
 .text.prvCopyDataFromQueue
                0x00000840       0x34 FreeRTOS/src/queue.o
 .text.prvUnlockQueue
                0x00000874       0x68 FreeRTOS/src/queue.o
 .text.xQueueGenericReset
                0x000008dc       0x86 FreeRTOS/src/queue.o
                0x000008dc                xQueueGenericReset
 .text.prvInitialiseNewQueue
                0x00000962       0x24 FreeRTOS/src/queue.o
 .text.xQueueGenericCreate
                0x00000986       0x46 FreeRTOS/src/queue.o
                0x00000986                xQueueGenericCreate
 .text.xQueueGenericSend
                0x000009cc      0x120 FreeRTOS/src/queue.o
                0x000009cc                xQueueGenericSend
 .text.xQueueGenericSendFromISR
                0x00000aec       0x76 FreeRTOS/src/queue.o
                0x00000aec                xQueueGenericSendFromISR
 .text.xQueueReceive
                0x00000b62      0x11e FreeRTOS/src/queue.o
                0x00000b62                xQueueReceive
 .text.vQueueWaitForMessageRestricted
                0x00000c80       0x38 FreeRTOS/src/queue.o
                0x00000c80                vQueueWaitForMessageRestricted
 .text.prvBytesInBuffer
                0x00000cb8       0x26 FreeRTOS/src/stream_buffer.o
 .text.prvInitialiseNewStreamBuffer
                0x00000cde       0x20 FreeRTOS/src/stream_buffer.o
 .text.prvWriteBytesToBuffer
                0x00000cfe       0x92 FreeRTOS/src/stream_buffer.o
 .text.prvWriteMessageToBuffer
                0x00000d90       0x86 FreeRTOS/src/stream_buffer.o
 .text.prvReadBytesFromBuffer
                0x00000e16       0x9e FreeRTOS/src/stream_buffer.o
 .text.prvReadMessageFromBuffer
                0x00000eb4       0x8a FreeRTOS/src/stream_buffer.o
 .text.xStreamBufferGenericCreate
                0x00000f3e       0x64 FreeRTOS/src/stream_buffer.o
                0x00000f3e                xStreamBufferGenericCreate
 .text.xStreamBufferReset
                0x00000fa2       0x3c FreeRTOS/src/stream_buffer.o
                0x00000fa2                xStreamBufferReset
 .text.xStreamBufferSpacesAvailable
                0x00000fde       0x24 FreeRTOS/src/stream_buffer.o
                0x00000fde                xStreamBufferSpacesAvailable
 .text.xStreamBufferSend
                0x00001002      0x186 FreeRTOS/src/stream_buffer.o
                0x00001002                xStreamBufferSend
 .text.xStreamBufferSendFromISR
                0x00001188       0x88 FreeRTOS/src/stream_buffer.o
                0x00001188                xStreamBufferSendFromISR
 .text.xStreamBufferReceive
                0x00001210      0x102 FreeRTOS/src/stream_buffer.o
                0x00001210                xStreamBufferReceive
 .text.prvResetNextTaskUnblockTime
                0x00001312       0x4e FreeRTOS/src/tasks.o
 .text.prvDeleteTCB
                0x00001360       0x16 FreeRTOS/src/tasks.o
 .text.prvInitialiseNewTask
                0x00001376       0xf6 FreeRTOS/src/tasks.o
 .text.prvInitialiseTaskLists
                0x0000146c       0x60 FreeRTOS/src/tasks.o
 .text.prvAddNewTaskToReadyList
                0x000014cc       0xdc FreeRTOS/src/tasks.o
 .text.prvCheckTasksWaitingTermination
                0x000015a8       0x4a FreeRTOS/src/tasks.o
 .text.prvAddCurrentTaskToDelayedList
                0x000015f2      0x144 FreeRTOS/src/tasks.o
 .text.xTaskCreate
                0x00001736       0x98 FreeRTOS/src/tasks.o
                0x00001736                xTaskCreate
 .text.vTaskStartScheduler
                0x000017ce       0x70 FreeRTOS/src/tasks.o
                0x000017ce                vTaskStartScheduler
 .text.vTaskSuspendAll
                0x0000183e        0xc FreeRTOS/src/tasks.o
                0x0000183e                vTaskSuspendAll
 .text.xTaskGetTickCount
                0x0000184a       0x1c FreeRTOS/src/tasks.o
                0x0000184a                xTaskGetTickCount
 .text.xTaskIncrementTick
                0x00001866      0x258 FreeRTOS/src/tasks.o
                0x00001866                xTaskIncrementTick
 .text.xTaskResumeAll
                0x00001abe      0x1b8 FreeRTOS/src/tasks.o
                0x00001abe                xTaskResumeAll
 .text.xTaskDelayUntil
                0x00001c76       0xca FreeRTOS/src/tasks.o
                0x00001c76                xTaskDelayUntil
 .text.vTaskDelay
                0x00001d40       0x36 FreeRTOS/src/tasks.o
                0x00001d40                vTaskDelay
 .text.vTaskSwitchContext
                0x00001d76       0xca FreeRTOS/src/tasks.o
                0x00001d76                vTaskSwitchContext
 .text.vTaskPlaceOnEventList
                0x00001e40       0x2e FreeRTOS/src/tasks.o
                0x00001e40                vTaskPlaceOnEventList
 .text.vTaskPlaceOnEventListRestricted
                0x00001e6e       0x84 FreeRTOS/src/tasks.o
                0x00001e6e                vTaskPlaceOnEventListRestricted
 .text.xTaskRemoveFromEventList
                0x00001ef2      0x15e FreeRTOS/src/tasks.o
                0x00001ef2                xTaskRemoveFromEventList
 .text.vTaskSetTimeOutState
                0x00002050       0x2c FreeRTOS/src/tasks.o
                0x00002050                vTaskSetTimeOutState
 .text.vTaskInternalSetTimeOutState
                0x0000207c       0x22 FreeRTOS/src/tasks.o
                0x0000207c                vTaskInternalSetTimeOutState
 .text.xTaskCheckForTimeOut
                0x0000209e       0xcc FreeRTOS/src/tasks.o
                0x0000209e                xTaskCheckForTimeOut
 .text.vTaskMissedYield
                0x0000216a        0x8 FreeRTOS/src/tasks.o
                0x0000216a                vTaskMissedYield
 .text.xTaskGetCurrentTaskHandle
                0x00002172        0xa FreeRTOS/src/tasks.o
                0x00002172                xTaskGetCurrentTaskHandle
 .text.xTaskGetSchedulerState
                0x0000217c       0x1c FreeRTOS/src/tasks.o
                0x0000217c                xTaskGetSchedulerState
 .text.xTaskPriorityDisinherit
                0x00002198       0xb6 FreeRTOS/src/tasks.o
                0x00002198                xTaskPriorityDisinherit
 .text.xTaskGenericNotifyWait
                0x0000224e      0x14e FreeRTOS/src/tasks.o
                0x0000224e                xTaskGenericNotifyWait
 .text.xTaskGenericNotify
                0x0000239c      0x1ee FreeRTOS/src/tasks.o
                0x0000239c                xTaskGenericNotify
 .text.xTaskGenericNotifyFromISR
                0x0000258a      0x244 FreeRTOS/src/tasks.o
                0x0000258a                xTaskGenericNotifyFromISR
 .text.xTaskGenericNotifyStateClear
                0x000027ce       0x34 FreeRTOS/src/tasks.o
                0x000027ce                xTaskGenericNotifyStateClear
 .text.prvGetNextExpireTime
                0x00002802       0x30 FreeRTOS/src/timers.o
 .text.prvInsertTimerInActiveList
                0x00002832       0x92 FreeRTOS/src/timers.o
 .text.prvCheckForValidListAndQueue
                0x000028c4       0x52 FreeRTOS/src/timers.o
 .text.xTimerCreateTimerTask
                0x00002916       0x42 FreeRTOS/src/timers.o
                0x00002916                xTimerCreateTimerTask
 .text.xTimerGenericCommand
                0x00002958       0xbc FreeRTOS/src/timers.o
                0x00002958                xTimerGenericCommand
 .text.prvSwitchTimerLists
                0x00002a14       0xd0 FreeRTOS/src/timers.o
 .text.prvSampleTimeNow
                0x00002ae4       0x5c FreeRTOS/src/timers.o
 .text.prvProcessExpiredTimer
                0x00002b40       0xac FreeRTOS/src/timers.o
 .text.prvProcessTimerOrBlockTask
                0x00002bec       0xae FreeRTOS/src/timers.o
 .text.prvProcessReceivedCommands
                0x00002c9a      0x168 FreeRTOS/src/timers.o
 .text.vApplicationIdleHook
                0x00002e02        0x2 FreeRTOS/src/variantHooks.o
                0x00002e02                vApplicationIdleHook
 .text.prvSetMainLedOn
                0x00002e04        0xe FreeRTOS/src/variantHooks.o
                0x00002e04                prvSetMainLedOn
 .text.prvBlinkMainLed
                0x00002e12        0x8 FreeRTOS/src/variantHooks.o
                0x00002e12                prvBlinkMainLed
 .text.vApplicationMallocFailedHook
                0x00002e1a       0x18 FreeRTOS/src/variantHooks.o
                0x00002e1a                vApplicationMallocFailedHook
 .text.vApplicationStackOverflowHook
                0x00002e32       0x18 FreeRTOS/src/variantHooks.o
                0x00002e32                vApplicationStackOverflowHook
 .text._lora_setup
                0x00002e4a      0x170 LoRaWANHandler.o
 .text.lora_handler_task
                0x00002fba       0xf2 LoRaWANHandler.o
                0x00002fba                lora_handler_task
 .text.lora_handler_initialise
                0x000030ac       0x28 LoRaWANHandler.o
                0x000030ac                lora_handler_initialise
 .text.initialiseSystem
                0x000030d4       0x20 main.o
                0x000030d4                initialiseSystem
 .text.main     0x000030f4       0x10 main.o
                0x000030f4                main
 .text._serialCallBack
                0x00003104       0x8c ../drivers\libIotLibrary.a(lora_driver.o)
 .text._uploadMessage
                0x00003190       0xb4 ../drivers\libIotLibrary.a(lora_driver.o)
 .text._reply2ReturnCode
                0x00003244       0xea ../drivers\libIotLibrary.a(lora_driver.o)
 .text._uploadMessageRc
                0x0000332e        0x6 ../drivers\libIotLibrary.a(lora_driver.o)
 .text.lora_driver_flushBuffers
                0x00003334        0xe ../drivers\libIotLibrary.a(lora_driver.o)
                0x00003334                lora_driver_flushBuffers
 .text.lora_driver_initialise
                0x00003342       0x80 ../drivers\libIotLibrary.a(lora_driver.o)
                0x00003342                lora_driver_initialise
 .text.lora_driver_resetRn2483
                0x000033c2       0x1c ../drivers\libIotLibrary.a(lora_driver.o)
                0x000033c2                lora_driver_resetRn2483
 .text.lora_driver_rn2483FactoryReset
                0x000033de       0x24 ../drivers\libIotLibrary.a(lora_driver.o)
                0x000033de                lora_driver_rn2483FactoryReset
 .text.lora_driver_getRn2483Hweui
                0x00003402       0x38 ../drivers\libIotLibrary.a(lora_driver.o)
                0x00003402                lora_driver_getRn2483Hweui
 .text.lora_driver_setDeviceIdentifier
                0x0000343a       0x22 ../drivers\libIotLibrary.a(lora_driver.o)
                0x0000343a                lora_driver_setDeviceIdentifier
 .text.lora_driver_setApplicationIdentifier
                0x0000345c       0x22 ../drivers\libIotLibrary.a(lora_driver.o)
                0x0000345c                lora_driver_setApplicationIdentifier
 .text.lora_driver_setApplicationKey
                0x0000347e       0x22 ../drivers\libIotLibrary.a(lora_driver.o)
                0x0000347e                lora_driver_setApplicationKey
 .text.lora_driver_saveMac
                0x000034a0        0xc ../drivers\libIotLibrary.a(lora_driver.o)
                0x000034a0                lora_driver_saveMac
 .text.lora_driver_join
                0x000034ac       0x52 ../drivers\libIotLibrary.a(lora_driver.o)
                0x000034ac                lora_driver_join
 .text.lora_driver_sendUploadMessage
                0x000034fe      0x196 ../drivers\libIotLibrary.a(lora_driver.o)
                0x000034fe                lora_driver_sendUploadMessage
 .text.lora_driver_setAdaptiveDataRate
                0x00003694       0x16 ../drivers\libIotLibrary.a(lora_driver.o)
                0x00003694                lora_driver_setAdaptiveDataRate
 .text.lora_driver_setReceiveDelay
                0x000036aa       0x30 ../drivers\libIotLibrary.a(lora_driver.o)
                0x000036aa                lora_driver_setReceiveDelay
 .text.lora_driver_configureToEu868
                0x000036da      0x1bc ../drivers\libIotLibrary.a(lora_driver.o)
                0x000036da                lora_driver_configureToEu868
 .text.lora_driver_setOtaaIdentity
                0x00003896       0x42 ../drivers\libIotLibrary.a(lora_driver.o)
                0x00003896                lora_driver_setOtaaIdentity
 .text.lora_driver_mapReturnCodeToText
                0x000038d8       0x18 ../drivers\libIotLibrary.a(lora_driver.o)
                0x000038d8                lora_driver_mapReturnCodeToText
 .text.decode_port_no
                0x000038f0       0x58 ../drivers\libIotLibrary.a(lora_driver_utils.o)
                0x000038f0                decode_port_no
 .text.decode_hexadecimal_string_bytes
                0x00003948       0x92 ../drivers\libIotLibrary.a(lora_driver_utils.o)
                0x00003948                decode_hexadecimal_string_bytes
 .text.serial_create
                0x000039da      0x138 ../drivers\libIotLibrary.a(serial.o)
                0x000039da                serial_create
 .text.serial_sendByte
                0x00003b12       0x56 ../drivers\libIotLibrary.a(serial.o)
                0x00003b12                serial_sendByte
 .text.serial_sendBytes
                0x00003b68       0xaa ../drivers\libIotLibrary.a(serial.o)
                0x00003b68                serial_sendBytes
 .text.serial_getByte
                0x00003c12       0x40 ../drivers\libIotLibrary.a(serial.o)
                0x00003c12                serial_getByte
 .text.__vector_25
                0x00003c52       0xa4 ../drivers\libIotLibrary.a(serial.o)
                0x00003c52                __vector_25
 .text.__vector_26
                0x00003cf6       0x88 ../drivers\libIotLibrary.a(serial.o)
                0x00003cf6                __vector_26
 .text.__vector_36
                0x00003d7e       0xa4 ../drivers\libIotLibrary.a(serial.o)
                0x00003d7e                __vector_36
 .text.__vector_37
                0x00003e22       0x88 ../drivers\libIotLibrary.a(serial.o)
                0x00003e22                __vector_37
 .text.__vector_51
                0x00003eaa       0xa4 ../drivers\libIotLibrary.a(serial.o)
                0x00003eaa                __vector_51
 .text.__vector_52
                0x00003f4e       0x88 ../drivers\libIotLibrary.a(serial.o)
                0x00003f4e                __vector_52
 .text.__vector_54
                0x00003fd6       0xa4 ../drivers\libIotLibrary.a(serial.o)
                0x00003fd6                __vector_54
 .text.__vector_55
                0x0000407a       0x88 ../drivers\libIotLibrary.a(serial.o)
                0x0000407a                __vector_55
 .text.usart_getchar
                0x00004102       0x2a ../drivers\libIotLibrary.a(stdio_driver.o)
 .text.usart_putchar
                0x0000412c       0x12 ../drivers\libIotLibrary.a(stdio_driver.o)
 .text.stdio_initialise
                0x0000413e       0x52 ../drivers\libIotLibrary.a(stdio_driver.o)
                0x0000413e                stdio_initialise
 .text._turn_off
                0x00004190       0x98 ../drivers\libIotLibrary.a(status_leds.o)
 .text._turn_on
                0x00004228       0x98 ../drivers\libIotLibrary.a(status_leds.o)
 .text._hal_led_task
                0x000042c0       0x8c ../drivers\libIotLibrary.a(status_leds.o)
 .text.status_leds_initialise
                0x0000434c       0x9c ../drivers\libIotLibrary.a(status_leds.o)
                0x0000434c                status_leds_initialise
 .text.status_leds_slowBlink
                0x000043e8       0x46 ../drivers\libIotLibrary.a(status_leds.o)
                0x000043e8                status_leds_slowBlink
 .text.status_leds_fastBlink
                0x0000442e       0x46 ../drivers\libIotLibrary.a(status_leds.o)
                0x0000442e                status_leds_fastBlink
 .text.status_leds_ledOn
                0x00004474       0x1e ../drivers\libIotLibrary.a(status_leds.o)
                0x00004474                status_leds_ledOn
 .text.status_leds_ledOff
                0x00004492       0x1e ../drivers\libIotLibrary.a(status_leds.o)
                0x00004492                status_leds_ledOff
 .text.status_leds_longPuls
                0x000044b0       0x24 ../drivers\libIotLibrary.a(status_leds.o)
                0x000044b0                status_leds_longPuls
 .text.status_leds_shortPuls
                0x000044d4       0x24 ../drivers\libIotLibrary.a(status_leds.o)
                0x000044d4                status_leds_shortPuls
 .text.fifo_init
                0x000044f8       0x38 ../drivers\libIotLibrary.a(fifo.o)
                0x000044f8                fifo_init
 .text.avr-libc.fplib
                0x00004530        0xa c:/program files (x86)/atmel/studio/7.0/toolchain/avr8/avr8-gnu-toolchain/bin/../lib/gcc/avr/5.4.0/../../../../avr/lib/avr6\libm.a(addsf3.o)
                0x00004530                __subsf3
                0x00004532                __addsf3
 .text.avr-libc.fplib
                0x0000453a       0xc0 c:/program files (x86)/atmel/studio/7.0/toolchain/avr8/avr8-gnu-toolchain/bin/../lib/gcc/avr/5.4.0/../../../../avr/lib/avr6\libm.a(addsf3x.o)
                0x00004554                __addsf3x
 .text.avr-libc.fplib
                0x000045fa        0x4 c:/program files (x86)/atmel/studio/7.0/toolchain/avr8/avr8-gnu-toolchain/bin/../lib/gcc/avr/5.4.0/../../../../avr/lib/avr6\libm.a(divsf3.o)
                0x000045fa                __divsf3
 .text.avr-libc.fplib
                0x000045fe       0xcc c:/program files (x86)/atmel/studio/7.0/toolchain/avr8/avr8-gnu-toolchain/bin/../lib/gcc/avr/5.4.0/../../../../avr/lib/avr6\libm.a(divsf3x.o)
                0x00004614                __divsf3x
                0x00004618                __divsf3_pse
 .text.avr-libc.fplib
                0x000046ca       0x58 c:/program files (x86)/atmel/studio/7.0/toolchain/avr8/avr8-gnu-toolchain/bin/../lib/gcc/avr/5.4.0/../../../../avr/lib/avr6\libm.a(fixunssfsi.o)
                0x000046ca                __fixunssfsi
 .text.avr-libc.fplib
                0x00004722       0x7a c:/program files (x86)/atmel/studio/7.0/toolchain/avr8/avr8-gnu-toolchain/bin/../lib/gcc/avr/5.4.0/../../../../avr/lib/avr6\libm.a(floatsisf.o)
                0x00004722                __floatunsisf
                0x00004726                __floatsisf
 .text.avr-libc.fplib
                0x0000479c        0xc c:/program files (x86)/atmel/studio/7.0/toolchain/avr8/avr8-gnu-toolchain/bin/../lib/gcc/avr/5.4.0/../../../../avr/lib/avr6\libm.a(fp_inf.o)
                0x0000479c                __fp_inf
 .text.avr-libc.fplib
                0x000047a8        0x6 c:/program files (x86)/atmel/studio/7.0/toolchain/avr8/avr8-gnu-toolchain/bin/../lib/gcc/avr/5.4.0/../../../../avr/lib/avr6\libm.a(fp_nan.o)
                0x000047a8                __fp_nan
 .text.avr-libc.fplib
                0x000047ae        0xe c:/program files (x86)/atmel/studio/7.0/toolchain/avr8/avr8-gnu-toolchain/bin/../lib/gcc/avr/5.4.0/../../../../avr/lib/avr6\libm.a(fp_pscA.o)
                0x000047ae                __fp_pscA
 .text.avr-libc.fplib
                0x000047bc        0xe c:/program files (x86)/atmel/studio/7.0/toolchain/avr8/avr8-gnu-toolchain/bin/../lib/gcc/avr/5.4.0/../../../../avr/lib/avr6\libm.a(fp_pscB.o)
                0x000047bc                __fp_pscB
 .text.avr-libc.fplib
                0x000047ca       0x22 c:/program files (x86)/atmel/studio/7.0/toolchain/avr8/avr8-gnu-toolchain/bin/../lib/gcc/avr/5.4.0/../../../../avr/lib/avr6\libm.a(fp_round.o)
                0x000047ca                __fp_round
 .text.avr-libc.fplib
                0x000047ec       0x44 c:/program files (x86)/atmel/studio/7.0/toolchain/avr8/avr8-gnu-toolchain/bin/../lib/gcc/avr/5.4.0/../../../../avr/lib/avr6\libm.a(fp_split3.o)
                0x000047ec                __fp_split3
                0x000047fc                __fp_splitA
 .text.avr-libc.fplib
                0x00004830        0xe c:/program files (x86)/atmel/studio/7.0/toolchain/avr8/avr8-gnu-toolchain/bin/../lib/gcc/avr/5.4.0/../../../../avr/lib/avr6\libm.a(fp_zero.o)
                0x00004830                __fp_zero
                0x00004832                __fp_szero
 .text.avr-libc.fplib
                0x0000483e        0x4 c:/program files (x86)/atmel/studio/7.0/toolchain/avr8/avr8-gnu-toolchain/bin/../lib/gcc/avr/5.4.0/../../../../avr/lib/avr6\libm.a(mulsf3.o)
                0x0000483e                __mulsf3
 .text.avr-libc.fplib
                0x00004842       0xc2 c:/program files (x86)/atmel/studio/7.0/toolchain/avr8/avr8-gnu-toolchain/bin/../lib/gcc/avr/5.4.0/../../../../avr/lib/avr6\libm.a(mulsf3x.o)
                0x00004856                __mulsf3x
                0x0000485a                __mulsf3_pse
 .text.libgcc   0x00004904       0x10 c:/program files (x86)/atmel/studio/7.0/toolchain/avr8/avr8-gnu-toolchain/bin/../lib/gcc/avr/5.4.0/avr6\libgcc.a(_tablejump2.o)
                0x00004904                __tablejump2__
 .text.avr-libc
                0x00004914       0x34 c:/program files (x86)/atmel/studio/7.0/toolchain/avr8/avr8-gnu-toolchain/bin/../lib/gcc/avr/5.4.0/../../../../avr/lib/avr6\libc.a(calloc.o)
                0x00004914                calloc
 .text.avr-libc
                0x00004948      0x242 c:/program files (x86)/atmel/studio/7.0/toolchain/avr8/avr8-gnu-toolchain/bin/../lib/gcc/avr/5.4.0/../../../../avr/lib/avr6\libc.a(malloc.o)
                0x00004948                malloc
                0x00004a78                free
 .text.avr-libc
                0x00004b8a        0x8 c:/program files (x86)/atmel/studio/7.0/toolchain/avr8/avr8-gnu-toolchain/bin/../lib/gcc/avr/5.4.0/../../../../avr/lib/avr6\libc.a(abort.o)
                0x00004b8a                abort
 .text.avr-libc
                0x00004b92       0x12 c:/program files (x86)/atmel/studio/7.0/toolchain/avr8/avr8-gnu-toolchain/bin/../lib/gcc/avr/5.4.0/../../../../avr/lib/avr6\libc.a(memcpy.o)
                0x00004b92                memcpy
 .text.avr-libc
                0x00004ba4        0xe c:/program files (x86)/atmel/studio/7.0/toolchain/avr8/avr8-gnu-toolchain/bin/../lib/gcc/avr/5.4.0/../../../../avr/lib/avr6\libc.a(memset.o)
                0x00004ba4                memset
 .text.avr-libc
                0x00004bb2       0x4a c:/program files (x86)/atmel/studio/7.0/toolchain/avr8/avr8-gnu-toolchain/bin/../lib/gcc/avr/5.4.0/../../../../avr/lib/avr6\libc.a(strcasestr.o)
                0x00004bb2                strcasestr
 .text.avr-libc
                0x00004bfc       0x16 c:/program files (x86)/atmel/studio/7.0/toolchain/avr8/avr8-gnu-toolchain/bin/../lib/gcc/avr/5.4.0/../../../../avr/lib/avr6\libc.a(strcat.o)
                0x00004bfc                strcat
 .text.avr-libc
                0x00004c12        0xe c:/program files (x86)/atmel/studio/7.0/toolchain/avr8/avr8-gnu-toolchain/bin/../lib/gcc/avr/5.4.0/../../../../avr/lib/avr6\libc.a(strcpy.o)
                0x00004c12                strcpy
 .text.avr-libc
                0x00004c20       0x30 c:/program files (x86)/atmel/studio/7.0/toolchain/avr8/avr8-gnu-toolchain/bin/../lib/gcc/avr/5.4.0/../../../../avr/lib/avr6\libc.a(strncasecmp.o)
                0x00004c20                strncasecmp
 .text.avr-libc
                0x00004c50       0x26 c:/program files (x86)/atmel/studio/7.0/toolchain/avr8/avr8-gnu-toolchain/bin/../lib/gcc/avr/5.4.0/../../../../avr/lib/avr6\libc.a(printf.o)
                0x00004c50                printf
 .text.avr-libc
                0x00004c76       0x60 c:/program files (x86)/atmel/studio/7.0/toolchain/avr8/avr8-gnu-toolchain/bin/../lib/gcc/avr/5.4.0/../../../../avr/lib/avr6\libc.a(puts.o)
                0x00004c76                puts
 .text.avr-libc
                0x00004cd6       0x5c c:/program files (x86)/atmel/studio/7.0/toolchain/avr8/avr8-gnu-toolchain/bin/../lib/gcc/avr/5.4.0/../../../../avr/lib/avr6\libc.a(sprintf.o)
                0x00004cd6                sprintf
 .text.avr-libc
                0x00004d32      0x3fa c:/program files (x86)/atmel/studio/7.0/toolchain/avr8/avr8-gnu-toolchain/bin/../lib/gcc/avr/5.4.0/../../../../avr/lib/avr6\libc.a(vfprintf_std.o)
                0x00004d32                vfprintf
 .text.avr-libc
                0x0000512c       0x16 c:/program files (x86)/atmel/studio/7.0/toolchain/avr8/avr8-gnu-toolchain/bin/../lib/gcc/avr/5.4.0/../../../../avr/lib/avr6\libc.a(strnlen_P.o)
                0x0000512c                strnlen_P
 .text.avr-libc
                0x00005142       0x16 c:/program files (x86)/atmel/studio/7.0/toolchain/avr8/avr8-gnu-toolchain/bin/../lib/gcc/avr/5.4.0/../../../../avr/lib/avr6\libc.a(strnlen.o)
                0x00005142                strnlen
 .text.avr-libc
                0x00005158       0x78 c:/program files (x86)/atmel/studio/7.0/toolchain/avr8/avr8-gnu-toolchain/bin/../lib/gcc/avr/5.4.0/../../../../avr/lib/avr6\libc.a(fputc.o)
                0x00005158                fputc
 .text.avr-libc
                0x000051d0       0xbc c:/program files (x86)/atmel/studio/7.0/toolchain/avr8/avr8-gnu-toolchain/bin/../lib/gcc/avr/5.4.0/../../../../avr/lib/avr6\libc.a(ultoa_invert.o)
                0x000051d0                __ultoa_invert
                0x0000528c                . = ALIGN (0x2)
 *(.fini9)
 .fini9         0x0000528c        0x0 c:/program files (x86)/atmel/studio/7.0/toolchain/avr8/avr8-gnu-toolchain/bin/../lib/gcc/avr/5.4.0/avr6\libgcc.a(_exit.o)
                0x0000528c                _exit
                0x0000528c                exit
 *(.fini9)
 *(.fini8)
 *(.fini8)
 *(.fini7)
 *(.fini7)
 *(.fini6)
 *(.fini6)
 *(.fini5)
 *(.fini5)
 *(.fini4)
 *(.fini4)
 *(.fini3)
 *(.fini3)
 *(.fini2)
 *(.fini2)
 *(.fini1)
 *(.fini1)
 *(.fini0)
 .fini0         0x0000528c        0x4 c:/program files (x86)/atmel/studio/7.0/toolchain/avr8/avr8-gnu-toolchain/bin/../lib/gcc/avr/5.4.0/avr6\libgcc.a(_exit.o)
 *(.fini0)
                0x00005290                _etext = .

.data           0x00800200      0x4e8 load address 0x00005290
                0x00800200                PROVIDE (__data_start, .)
 *(.data)
 .data          0x00800200        0x6 c:/program files (x86)/atmel/studio/7.0/toolchain/avr8/avr8-gnu-toolchain/bin/../lib/gcc/avr/5.4.0/../../../../avr/lib/avr6\libc.a(malloc.o)
                0x00800200                __malloc_heap_end
                0x00800202                __malloc_heap_start
                0x00800204                __malloc_margin
 *(.data*)
 .data.uxTopUsedPriority
                0x00800206        0x1 FreeRTOS/src/tasks.o
                0x00800206                uxTopUsedPriority
 .data._com_port_2_udr
                0x00800207        0x8 ../drivers\libIotLibrary.a(serial.o)
                0x00800207                _com_port_2_udr
 .data.mystdout.1882
                0x0080020f        0xe ../drivers\libIotLibrary.a(stdio_driver.o)
 *(.gnu.linkonce.d*)
 *(.rodata)
 .rodata        0x0080021d       0x20 ../drivers\libIotLibrary.a(lora_driver.o)
 *(.rodata*)
 .rodata.str1.1
                0x0080023d        0x5 FreeRTOS/src/tasks.o
 .rodata.str1.1
                0x00800242        0x8 FreeRTOS/src/timers.o
 .rodata.str1.1
                0x0080024a      0x1ac LoRaWANHandler.o
 .rodata.str1.1
                0x008003f6       0x1e main.o
 .rodata.str1.1
                0x00800414      0x295 ../drivers\libIotLibrary.a(lora_driver.o)
                                0x2a5 (size before relaxing)
 .rodata._joinMode
                0x008006a9        0x4 ../drivers\libIotLibrary.a(lora_driver.o)
 .rodata._returnCode
                0x008006ad       0x33 ../drivers\libIotLibrary.a(lora_driver.o)
                0x008006ad                _returnCode
 .rodata.str1.1
                0x008006e0        0x8 ../drivers\libIotLibrary.a(status_leds.o)
 *(.gnu.linkonce.r*)
                0x008006e8                . = ALIGN (0x2)
                0x008006e8                _edata = .
                0x008006e8                PROVIDE (__data_end, .)

.bss            0x008006e8      0xc7a
                0x008006e8                PROVIDE (__bss_start, .)
 *(.bss)
 *(.bss*)
 .bss.xBlockAllocatedBit
                0x008006e8        0x2 FreeRTOS/src/heap_4.o
 .bss.xNumberOfSuccessfulFrees
                0x008006ea        0x2 FreeRTOS/src/heap_4.o
 .bss.xNumberOfSuccessfulAllocations
                0x008006ec        0x2 FreeRTOS/src/heap_4.o
 .bss.xMinimumEverFreeBytesRemaining
                0x008006ee        0x2 FreeRTOS/src/heap_4.o
 .bss.xFreeBytesRemaining
                0x008006f0        0x2 FreeRTOS/src/heap_4.o
 .bss.pxEnd     0x008006f2        0x2 FreeRTOS/src/heap_4.o
 .bss.xStart    0x008006f4        0x4 FreeRTOS/src/heap_4.o
 .bss.ucHeap    0x008006f8      0x9c4 FreeRTOS/src/heap_4.o
 .bss.uxSchedulerSuspended
                0x008010bc        0x1 FreeRTOS/src/tasks.o
 .bss.xIdleTaskHandle
                0x008010bd        0x2 FreeRTOS/src/tasks.o
 .bss.xNextTaskUnblockTime
                0x008010bf        0x4 FreeRTOS/src/tasks.o
 .bss.uxTaskNumber
                0x008010c3        0x1 FreeRTOS/src/tasks.o
 .bss.xNumOfOverflows
                0x008010c4        0x1 FreeRTOS/src/tasks.o
 .bss.xYieldPending
                0x008010c5        0x1 FreeRTOS/src/tasks.o
 .bss.xPendedTicks
                0x008010c6        0x4 FreeRTOS/src/tasks.o
 .bss.xSchedulerRunning
                0x008010ca        0x1 FreeRTOS/src/tasks.o
 .bss.uxTopReadyPriority
                0x008010cb        0x1 FreeRTOS/src/tasks.o
 .bss.xTickCount
                0x008010cc        0x4 FreeRTOS/src/tasks.o
 .bss.uxCurrentNumberOfTasks
                0x008010d0        0x1 FreeRTOS/src/tasks.o
 .bss.xSuspendedTaskList
                0x008010d1        0xb FreeRTOS/src/tasks.o
 .bss.uxDeletedTasksWaitingCleanUp
                0x008010dc        0x1 FreeRTOS/src/tasks.o
 .bss.xTasksWaitingTermination
                0x008010dd        0xb FreeRTOS/src/tasks.o
 .bss.xPendingReadyList
                0x008010e8        0xb FreeRTOS/src/tasks.o
 .bss.pxOverflowDelayedTaskList
                0x008010f3        0x2 FreeRTOS/src/tasks.o
 .bss.pxDelayedTaskList
                0x008010f5        0x2 FreeRTOS/src/tasks.o
 .bss.xDelayedTaskList2
                0x008010f7        0xb FreeRTOS/src/tasks.o
 .bss.xDelayedTaskList1
                0x00801102        0xb FreeRTOS/src/tasks.o
 .bss.pxReadyTasksLists
                0x0080110d       0x6e FreeRTOS/src/tasks.o
 .bss.pxCurrentTCB
                0x0080117b        0x2 FreeRTOS/src/tasks.o
                0x0080117b                pxCurrentTCB
 .bss.xLastTime.2436
                0x0080117d        0x4 FreeRTOS/src/timers.o
 .bss.xTimerTaskHandle
                0x00801181        0x2 FreeRTOS/src/timers.o
 .bss.xTimerQueue
                0x00801183        0x2 FreeRTOS/src/timers.o
 .bss.pxOverflowTimerList
                0x00801185        0x2 FreeRTOS/src/timers.o
 .bss.pxCurrentTimerList
                0x00801187        0x2 FreeRTOS/src/timers.o
 .bss.xActiveTimerList2
                0x00801189        0xb FreeRTOS/src/timers.o
 .bss.xActiveTimerList1
                0x00801194        0xb FreeRTOS/src/timers.o
 .bss._uplink_payload
                0x0080119f       0x16 LoRaWANHandler.o
 .bss._out_buf  0x008011b5       0x64 LoRaWANHandler.o
 .bss._tmp_buf.2871
                0x00801219       0x64 ../drivers\libIotLibrary.a(lora_driver.o)
 .bss.rec_buf_inp.2878
                0x0080127d        0x1 ../drivers\libIotLibrary.a(lora_driver.o)
 .bss._downlinkMessageBuffer
                0x0080127e        0x2 ../drivers\libIotLibrary.a(lora_driver.o)
 .bss._serialReplyBufferHandle
                0x00801280        0x2 ../drivers\libIotLibrary.a(lora_driver.o)
 .bss._rn2483_serial
                0x00801282        0x2 ../drivers\libIotLibrary.a(lora_driver.o)
 .bss._downlinkPayload
                0x00801284       0x16 ../drivers\libIotLibrary.a(lora_driver.o)
 .bss._payLoadHexBytes
                0x0080129a       0x15 ../drivers\libIotLibrary.a(lora_driver.o)
 .bss._recMessageBuf
                0x008012af       0x2d ../drivers\libIotLibrary.a(lora_driver.o)
 .bss._sendMessage
                0x008012dc       0x2d ../drivers\libIotLibrary.a(lora_driver.o)
 .bss._replyMess
                0x00801309       0x2d ../drivers\libIotLibrary.a(lora_driver.o)
 .bss._ser_handle
                0x00801336        0x8 ../drivers\libIotLibrary.a(serial.o)
 .bss._com_serial_instance
                0x0080133e        0x2 ../drivers\libIotLibrary.a(stdio_driver.o)
 .bss._led_status
                0x00801340       0x18 ../drivers\libIotLibrary.a(status_leds.o)
 *(COMMON)
 COMMON         0x00801358        0x4 c:/program files (x86)/atmel/studio/7.0/toolchain/avr8/avr8-gnu-toolchain/bin/../lib/gcc/avr/5.4.0/../../../../avr/lib/avr6\libc.a(malloc.o)
                0x00801358                __brkval
                0x0080135a                __flp
 COMMON         0x0080135c        0x6 c:/program files (x86)/atmel/studio/7.0/toolchain/avr8/avr8-gnu-toolchain/bin/../lib/gcc/avr/5.4.0/../../../../avr/lib/avr6\libc.a(iob.o)
                0x0080135c                __iob
                0x00801362                PROVIDE (__bss_end, .)
                0x00005290                __data_load_start = LOADADDR (.data)
                0x00005778                __data_load_end = (__data_load_start + SIZEOF (.data))

.noinit         0x00801362        0x0
                [!provide]                PROVIDE (__noinit_start, .)
 *(.noinit*)
                [!provide]                PROVIDE (__noinit_end, .)
                0x00801362                _end = .
                0x00801362                PROVIDE (__heap_start, .)

.eeprom         0x00810000        0x0
 *(.eeprom*)
                0x00810000                __eeprom_end = .

.fuse
 *(.fuse)
 *(.lfuse)
 *(.hfuse)
 *(.efuse)

.lock
 *(.lock*)

.signature
 *(.signature*)

.user_signatures
 *(.user_signatures*)

.stab
 *(.stab)

.stabstr
 *(.stabstr)

.stab.excl
 *(.stab.excl)

.stab.exclstr
 *(.stab.exclstr)

.stab.index
 *(.stab.index)

.stab.indexstr
 *(.stab.indexstr)

.comment        0x00000000       0x5c
 *(.comment)
 .comment       0x00000000       0x30 FreeRTOS/src/heap_4.o
                                 0x31 (size before relaxing)
 .comment       0x00000030       0x31 FreeRTOS/src/list.o
 .comment       0x00000030       0x31 FreeRTOS/src/port.o
 .comment       0x00000030       0x31 FreeRTOS/src/queue.o
 .comment       0x00000030       0x31 FreeRTOS/src/stream_buffer.o
 .comment       0x00000030       0x31 FreeRTOS/src/tasks.o
 .comment       0x00000030       0x31 FreeRTOS/src/timers.o
 .comment       0x00000030       0x31 FreeRTOS/src/variantHooks.o
 .comment       0x00000030       0x31 LoRaWANHandler.o
 .comment       0x00000030       0x31 main.o
 .comment       0x00000030       0x31 ../drivers\libIotLibrary.a(lora_driver.o)
 .comment       0x00000030       0x31 ../drivers\libIotLibrary.a(lora_driver_utils.o)
 .comment       0x00000030       0x31 ../drivers\libIotLibrary.a(serial.o)
 .comment       0x00000030       0x31 ../drivers\libIotLibrary.a(stdio_driver.o)
 .comment       0x00000030       0x31 ../drivers\libIotLibrary.a(status_leds.o)
 .comment       0x00000030       0x31 ../drivers\libIotLibrary.a(fifo.o)
 .comment       0x00000030       0x31 c:/program files (x86)/atmel/studio/7.0/toolchain/avr8/avr8-gnu-toolchain/bin/../lib/gcc/avr/5.4.0/../../../../avr/lib/avr6\libc.a(calloc.o)
 .comment       0x00000030       0x31 c:/program files (x86)/atmel/studio/7.0/toolchain/avr8/avr8-gnu-toolchain/bin/../lib/gcc/avr/5.4.0/../../../../avr/lib/avr6\libc.a(malloc.o)
 .comment       0x00000030       0x31 c:/program files (x86)/atmel/studio/7.0/toolchain/avr8/avr8-gnu-toolchain/bin/../lib/gcc/avr/5.4.0/../../../../avr/lib/avr6\libc.a(iob.o)
 .comment       0x00000030       0x31 c:/program files (x86)/atmel/studio/7.0/toolchain/avr8/avr8-gnu-toolchain/bin/../lib/gcc/avr/5.4.0/../../../../avr/lib/avr6\libc.a(printf.o)
 .comment       0x00000030       0x31 c:/program files (x86)/atmel/studio/7.0/toolchain/avr8/avr8-gnu-toolchain/bin/../lib/gcc/avr/5.4.0/../../../../avr/lib/avr6\libc.a(puts.o)
 .comment       0x00000030       0x31 c:/program files (x86)/atmel/studio/7.0/toolchain/avr8/avr8-gnu-toolchain/bin/../lib/gcc/avr/5.4.0/../../../../avr/lib/avr6\libc.a(sprintf.o)
 .comment       0x00000030       0x2c c:/program files (x86)/atmel/studio/7.0/toolchain/avr8/avr8-gnu-toolchain/bin/../lib/gcc/avr/5.4.0/../../../../avr/lib/avr6\libc.a(vfprintf_std.o)
                                 0x2d (size before relaxing)
 .comment       0x0000005c       0x31 c:/program files (x86)/atmel/studio/7.0/toolchain/avr8/avr8-gnu-toolchain/bin/../lib/gcc/avr/5.4.0/../../../../avr/lib/avr6\libc.a(fputc.o)

.note.gnu.avr.deviceinfo
                0x00000000       0x40
 .note.gnu.avr.deviceinfo
                0x00000000       0x40 C:/Program Files (x86)/Atmel/Studio/7.0/Packs/atmel/ATmega_DFP/1.6.364/gcc/dev/atmega2560/avr6/crtatmega2560.o

.note.gnu.build-id
 *(.note.gnu.build-id)

.debug
 *(.debug)

.line
 *(.line)

.debug_srcinfo
 *(.debug_srcinfo)

.debug_sfnames
 *(.debug_sfnames)

.debug_aranges  0x00000000      0x8a0
 *(.debug_aranges)
 .debug_aranges
                0x00000000       0x58 FreeRTOS/src/heap_4.o
 .debug_aranges
                0x00000058       0x40 FreeRTOS/src/list.o
 .debug_aranges
                0x00000098       0x58 FreeRTOS/src/port.o
 .debug_aranges
                0x000000f0       0xf8 FreeRTOS/src/queue.o
 .debug_aranges
                0x000001e8       0xc0 FreeRTOS/src/stream_buffer.o
 .debug_aranges
                0x000002a8      0x1d0 FreeRTOS/src/tasks.o
 .debug_aranges
                0x00000478       0xc8 FreeRTOS/src/timers.o
 .debug_aranges
                0x00000540       0x40 FreeRTOS/src/variantHooks.o
 .debug_aranges
                0x00000580       0x30 LoRaWANHandler.o
 .debug_aranges
                0x000005b0       0x40 main.o
 .debug_aranges
                0x000005f0      0x138 ../drivers\libIotLibrary.a(lora_driver.o)
 .debug_aranges
                0x00000728       0x28 ../drivers\libIotLibrary.a(lora_driver_utils.o)
 .debug_aranges
                0x00000750       0x90 ../drivers\libIotLibrary.a(serial.o)
 .debug_aranges
                0x000007e0       0x38 ../drivers\libIotLibrary.a(stdio_driver.o)
 .debug_aranges
                0x00000818       0x68 ../drivers\libIotLibrary.a(status_leds.o)
 .debug_aranges
                0x00000880       0x20 ../drivers\libIotLibrary.a(fifo.o)

.debug_pubnames
 *(.debug_pubnames)

.debug_info     0x00000000     0xb4a4
 *(.debug_info .gnu.linkonce.wi.*)
 .debug_info    0x00000000      0xbbc C:/Program Files (x86)/Atmel/Studio/7.0/Packs/atmel/ATmega_DFP/1.6.364/gcc/dev/atmega2560/avr6/crtatmega2560.o
 .debug_info    0x00000bbc      0x4e6 FreeRTOS/src/heap_4.o
 .debug_info    0x000010a2      0x2e7 FreeRTOS/src/list.o
 .debug_info    0x00001389      0x2ff FreeRTOS/src/port.o
 .debug_info    0x00001688     0x17e6 FreeRTOS/src/queue.o
 .debug_info    0x00002e6e     0x13df FreeRTOS/src/stream_buffer.o
 .debug_info    0x0000424d     0x2239 FreeRTOS/src/tasks.o
 .debug_info    0x00006486     0x10dd FreeRTOS/src/timers.o
 .debug_info    0x00007563      0x20f FreeRTOS/src/variantHooks.o
 .debug_info    0x00007772      0x7c7 LoRaWANHandler.o
 .debug_info    0x00007f39      0x481 main.o
 .debug_info    0x000083ba     0x1747 ../drivers\libIotLibrary.a(lora_driver.o)
 .debug_info    0x00009b01      0x143 ../drivers\libIotLibrary.a(lora_driver_utils.o)
 .debug_info    0x00009c44      0xddb ../drivers\libIotLibrary.a(serial.o)
 .debug_info    0x0000aa1f      0x3b6 ../drivers\libIotLibrary.a(stdio_driver.o)
 .debug_info    0x0000add5      0x50c ../drivers\libIotLibrary.a(status_leds.o)
 .debug_info    0x0000b2e1      0x1c3 ../drivers\libIotLibrary.a(fifo.o)

.debug_abbrev   0x00000000     0x296d
 *(.debug_abbrev)
 .debug_abbrev  0x00000000      0xb1a C:/Program Files (x86)/Atmel/Studio/7.0/Packs/atmel/ATmega_DFP/1.6.364/gcc/dev/atmega2560/avr6/crtatmega2560.o
 .debug_abbrev  0x00000b1a      0x200 FreeRTOS/src/heap_4.o
 .debug_abbrev  0x00000d1a       0xff FreeRTOS/src/list.o
 .debug_abbrev  0x00000e19      0x179 FreeRTOS/src/port.o
 .debug_abbrev  0x00000f92      0x241 FreeRTOS/src/queue.o
 .debug_abbrev  0x000011d3      0x246 FreeRTOS/src/stream_buffer.o
 .debug_abbrev  0x00001419      0x2c8 FreeRTOS/src/tasks.o
 .debug_abbrev  0x000016e1      0x28c FreeRTOS/src/timers.o
 .debug_abbrev  0x0000196d       0xff FreeRTOS/src/variantHooks.o
 .debug_abbrev  0x00001a6c      0x1c5 LoRaWANHandler.o
 .debug_abbrev  0x00001c31      0x185 main.o
 .debug_abbrev  0x00001db6      0x33b ../drivers\libIotLibrary.a(lora_driver.o)
 .debug_abbrev  0x000020f1       0xc0 ../drivers\libIotLibrary.a(lora_driver_utils.o)
 .debug_abbrev  0x000021b1      0x34a ../drivers\libIotLibrary.a(serial.o)
 .debug_abbrev  0x000024fb      0x1b3 ../drivers\libIotLibrary.a(stdio_driver.o)
 .debug_abbrev  0x000026ae      0x1d7 ../drivers\libIotLibrary.a(status_leds.o)
 .debug_abbrev  0x00002885       0xe8 ../drivers\libIotLibrary.a(fifo.o)

.debug_line     0x00000000     0x57a8
 *(.debug_line .debug_line.* .debug_line_end)
 .debug_line    0x00000000      0x1fa C:/Program Files (x86)/Atmel/Studio/7.0/Packs/atmel/ATmega_DFP/1.6.364/gcc/dev/atmega2560/avr6/crtatmega2560.o
 .debug_line    0x000001fa      0x41f FreeRTOS/src/heap_4.o
 .debug_line    0x00000619      0x1db FreeRTOS/src/list.o
 .debug_line    0x000007f4      0x28a FreeRTOS/src/port.o
 .debug_line    0x00000a7e      0xbe3 FreeRTOS/src/queue.o
 .debug_line    0x00001661      0x79a FreeRTOS/src/stream_buffer.o
 .debug_line    0x00001dfb     0x15ba FreeRTOS/src/tasks.o
 .debug_line    0x000033b5      0x624 FreeRTOS/src/timers.o
 .debug_line    0x000039d9      0x1af FreeRTOS/src/variantHooks.o
 .debug_line    0x00003b88      0x28f LoRaWANHandler.o
 .debug_line    0x00003e17      0x225 main.o
 .debug_line    0x0000403c      0x9aa ../drivers\libIotLibrary.a(lora_driver.o)
 .debug_line    0x000049e6      0x195 ../drivers\libIotLibrary.a(lora_driver_utils.o)
 .debug_line    0x00004b7b      0x6a0 ../drivers\libIotLibrary.a(serial.o)
 .debug_line    0x0000521b      0x146 ../drivers\libIotLibrary.a(stdio_driver.o)
 .debug_line    0x00005361      0x32c ../drivers\libIotLibrary.a(status_leds.o)
 .debug_line    0x0000568d      0x11b ../drivers\libIotLibrary.a(fifo.o)

.debug_frame    0x00000000     0x20f0
 *(.debug_frame)
 .debug_frame   0x00000000       0xfc FreeRTOS/src/heap_4.o
 .debug_frame   0x000000fc       0x90 FreeRTOS/src/list.o
 .debug_frame   0x0000018c       0x94 FreeRTOS/src/port.o
 .debug_frame   0x00000220      0x3a4 FreeRTOS/src/queue.o
 .debug_frame   0x000005c4      0x40c FreeRTOS/src/stream_buffer.o
 .debug_frame   0x000009d0      0x7a0 FreeRTOS/src/tasks.o
 .debug_frame   0x00001170      0x3ac FreeRTOS/src/timers.o
 .debug_frame   0x0000151c       0x64 FreeRTOS/src/variantHooks.o
 .debug_frame   0x00001580      0x10c LoRaWANHandler.o
 .debug_frame   0x0000168c       0x94 main.o
 .debug_frame   0x00001720      0x460 ../drivers\libIotLibrary.a(lora_driver.o)
 .debug_frame   0x00001b80       0x48 ../drivers\libIotLibrary.a(lora_driver_utils.o)
 .debug_frame   0x00001bc8      0x384 ../drivers\libIotLibrary.a(serial.o)
 .debug_frame   0x00001f4c       0x94 ../drivers\libIotLibrary.a(stdio_driver.o)
 .debug_frame   0x00001fe0       0xec ../drivers\libIotLibrary.a(status_leds.o)
 .debug_frame   0x000020cc       0x24 ../drivers\libIotLibrary.a(fifo.o)

.debug_str      0x00000000     0x3632
 *(.debug_str)
 .debug_str     0x00000000      0x3e6 C:/Program Files (x86)/Atmel/Studio/7.0/Packs/atmel/ATmega_DFP/1.6.364/gcc/dev/atmega2560/avr6/crtatmega2560.o
 .debug_str     0x000003e6      0x449 FreeRTOS/src/heap_4.o
                                0x48d (size before relaxing)
 .debug_str     0x0000082f      0x135 FreeRTOS/src/list.o
                                0x2c9 (size before relaxing)
 .debug_str     0x00000964      0x16e FreeRTOS/src/port.o
                                0x2fe (size before relaxing)
 .debug_str     0x00000ad2      0x672 FreeRTOS/src/queue.o
                                0x93d (size before relaxing)
 .debug_str     0x00001144      0x4ed FreeRTOS/src/stream_buffer.o
                                0x7c6 (size before relaxing)
 .debug_str     0x00001631      0x941 FreeRTOS/src/tasks.o
                                0xf5e (size before relaxing)
 .debug_str     0x00001f72      0x414 FreeRTOS/src/timers.o
                                0x834 (size before relaxing)
 .debug_str     0x00002386       0x81 FreeRTOS/src/variantHooks.o
                                0x275 (size before relaxing)
 .debug_str     0x00002407      0x47f LoRaWANHandler.o
                                0x678 (size before relaxing)
 .debug_str     0x00002886       0xe5 main.o
                                0x337 (size before relaxing)
 .debug_str     0x0000296b      0x7af ../drivers\libIotLibrary.a(lora_driver.o)
                                0xcdb (size before relaxing)
 .debug_str     0x0000311a       0x54 ../drivers\libIotLibrary.a(lora_driver_utils.o)
                                0x206 (size before relaxing)
 .debug_str     0x0000316e      0x2f8 ../drivers\libIotLibrary.a(serial.o)
                                0x62f (size before relaxing)
 .debug_str     0x00003466       0xa6 ../drivers\libIotLibrary.a(stdio_driver.o)
                                0x37d (size before relaxing)
 .debug_str     0x0000350c      0x104 ../drivers\libIotLibrary.a(status_leds.o)
                                0x36d (size before relaxing)
 .debug_str     0x00003610       0x22 ../drivers\libIotLibrary.a(fifo.o)
                                0x239 (size before relaxing)

.debug_loc      0x00000000     0xab2c
 *(.debug_loc)
 .debug_loc     0x00000000      0x4be FreeRTOS/src/heap_4.o
 .debug_loc     0x000004be      0x17d FreeRTOS/src/list.o
 .debug_loc     0x0000063b       0xf6 FreeRTOS/src/port.o
 .debug_loc     0x00000731     0x1abd FreeRTOS/src/queue.o
 .debug_loc     0x000021ee     0x1daf FreeRTOS/src/stream_buffer.o
 .debug_loc     0x00003f9d     0x2a07 FreeRTOS/src/tasks.o
 .debug_loc     0x000069a4     0x10f3 FreeRTOS/src/timers.o
 .debug_loc     0x00007a97       0xdc FreeRTOS/src/variantHooks.o
 .debug_loc     0x00007b73      0x3f1 LoRaWANHandler.o
 .debug_loc     0x00007f64      0x118 main.o
 .debug_loc     0x0000807c     0x1216 ../drivers\libIotLibrary.a(lora_driver.o)
 .debug_loc     0x00009292      0x1d2 ../drivers\libIotLibrary.a(lora_driver_utils.o)
 .debug_loc     0x00009464     0x114c ../drivers\libIotLibrary.a(serial.o)
 .debug_loc     0x0000a5b0      0x18c ../drivers\libIotLibrary.a(stdio_driver.o)
 .debug_loc     0x0000a73c      0x292 ../drivers\libIotLibrary.a(status_leds.o)
 .debug_loc     0x0000a9ce      0x15e ../drivers\libIotLibrary.a(fifo.o)

.debug_macinfo
 *(.debug_macinfo)

.debug_weaknames
 *(.debug_weaknames)

.debug_funcnames
 *(.debug_funcnames)

.debug_typenames
 *(.debug_typenames)

.debug_varnames
 *(.debug_varnames)

.debug_pubtypes
 *(.debug_pubtypes)

.debug_ranges   0x00000000      0x858
 *(.debug_ranges)
 .debug_ranges  0x00000000       0x48 FreeRTOS/src/heap_4.o
 .debug_ranges  0x00000048       0x30 FreeRTOS/src/list.o
 .debug_ranges  0x00000078       0x48 FreeRTOS/src/port.o
 .debug_ranges  0x000000c0      0x130 FreeRTOS/src/queue.o
 .debug_ranges  0x000001f0       0xb0 FreeRTOS/src/stream_buffer.o
 .debug_ranges  0x000002a0      0x200 FreeRTOS/src/tasks.o
 .debug_ranges  0x000004a0       0xb8 FreeRTOS/src/timers.o
 .debug_ranges  0x00000558       0x30 FreeRTOS/src/variantHooks.o
 .debug_ranges  0x00000588       0x20 LoRaWANHandler.o
 .debug_ranges  0x000005a8       0x30 main.o
 .debug_ranges  0x000005d8      0x128 ../drivers\libIotLibrary.a(lora_driver.o)
 .debug_ranges  0x00000700       0x30 ../drivers\libIotLibrary.a(lora_driver_utils.o)
 .debug_ranges  0x00000730       0x98 ../drivers\libIotLibrary.a(serial.o)
 .debug_ranges  0x000007c8       0x28 ../drivers\libIotLibrary.a(stdio_driver.o)
 .debug_ranges  0x000007f0       0x58 ../drivers\libIotLibrary.a(status_leds.o)
 .debug_ranges  0x00000848       0x10 ../drivers\libIotLibrary.a(fifo.o)

.debug_macro
 *(.debug_macro)
OUTPUT(Semester4.elf elf32-avr)
LOAD linker stubs
